Archive member included to satisfy reference by file (symbol)

c:/users/taisu/.platformio/packages/toolchain-gccarmnoneeabi/bin/../lib/gcc/arm-none-eabi/7.2.1/../../../../arm-none-eabi/lib/thumb/v7e-m/fpv4-sp/hard\libc_nano.a(lib_a-exit.o)
                              c:/users/taisu/.platformio/packages/toolchain-gccarmnoneeabi/bin/../lib/gcc/arm-none-eabi/7.2.1/../../../../arm-none-eabi/lib/thumb/v7e-m/fpv4-sp/hard/crt0.o (exit)
c:/users/taisu/.platformio/packages/toolchain-gccarmnoneeabi/bin/../lib/gcc/arm-none-eabi/7.2.1/../../../../arm-none-eabi/lib/thumb/v7e-m/fpv4-sp/hard\libc_nano.a(lib_a-impure.o)
                              c:/users/taisu/.platformio/packages/toolchain-gccarmnoneeabi/bin/../lib/gcc/arm-none-eabi/7.2.1/../../../../arm-none-eabi/lib/thumb/v7e-m/fpv4-sp/hard\libc_nano.a(lib_a-exit.o) (_global_impure_ptr)
c:/users/taisu/.platformio/packages/toolchain-gccarmnoneeabi/bin/../lib/gcc/arm-none-eabi/7.2.1/../../../../arm-none-eabi/lib/thumb/v7e-m/fpv4-sp/hard\libc_nano.a(lib_a-init.o)
                              c:/users/taisu/.platformio/packages/toolchain-gccarmnoneeabi/bin/../lib/gcc/arm-none-eabi/7.2.1/../../../../arm-none-eabi/lib/thumb/v7e-m/fpv4-sp/hard/crt0.o (__libc_init_array)
c:/users/taisu/.platformio/packages/toolchain-gccarmnoneeabi/bin/../lib/gcc/arm-none-eabi/7.2.1/../../../../arm-none-eabi/lib/thumb/v7e-m/fpv4-sp/hard\libc_nano.a(lib_a-memset.o)
                              c:/users/taisu/.platformio/packages/toolchain-gccarmnoneeabi/bin/../lib/gcc/arm-none-eabi/7.2.1/../../../../arm-none-eabi/lib/thumb/v7e-m/fpv4-sp/hard/crt0.o (memset)
c:/users/taisu/.platformio/packages/toolchain-gccarmnoneeabi/bin/../lib/gcc/arm-none-eabi/7.2.1/../../../../arm-none-eabi/lib/thumb/v7e-m/fpv4-sp/hard\libc_nano.a(lib_a-nano-vfprintf_float.o)
                              (_printf_float)
c:/users/taisu/.platformio/packages/toolchain-gccarmnoneeabi/bin/../lib/gcc/arm-none-eabi/7.2.1/../../../../arm-none-eabi/lib/thumb/v7e-m/fpv4-sp/hard\libc_nano.a(lib_a-nano-vfprintf_i.o)
                              c:/users/taisu/.platformio/packages/toolchain-gccarmnoneeabi/bin/../lib/gcc/arm-none-eabi/7.2.1/../../../../arm-none-eabi/lib/thumb/v7e-m/fpv4-sp/hard\libc_nano.a(lib_a-nano-vfprintf_float.o) (_printf_common)
c:/users/taisu/.platformio/packages/toolchain-gccarmnoneeabi/bin/../lib/gcc/arm-none-eabi/7.2.1/../../../../arm-none-eabi/lib/thumb/v7e-m/fpv4-sp/hard\libc_nano.a(lib_a-nano-vfscanf_float.o)
                              (_scanf_float)
c:/users/taisu/.platformio/packages/toolchain-gccarmnoneeabi/bin/../lib/gcc/arm-none-eabi/7.2.1/../../../../arm-none-eabi/lib/thumb/v7e-m/fpv4-sp/hard\libc_nano.a(lib_a-printf.o)
                              .pio\build\nucleo_g474re\src\main.o (printf)
c:/users/taisu/.platformio/packages/toolchain-gccarmnoneeabi/bin/../lib/gcc/arm-none-eabi/7.2.1/../../../../arm-none-eabi/lib/thumb/v7e-m/fpv4-sp/hard\libc_nano.a(lib_a-reent.o)
                              .pio\build\nucleo_g474re\src\syscalls.o (errno)
c:/users/taisu/.platformio/packages/toolchain-gccarmnoneeabi/bin/../lib/gcc/arm-none-eabi/7.2.1/../../../../arm-none-eabi/lib/thumb/v7e-m/fpv4-sp/hard\libc_nano.a(lib_a-setbuf.o)
                              .pio\build\nucleo_g474re\src\main.o (setbuf)
c:/users/taisu/.platformio/packages/toolchain-gccarmnoneeabi/bin/../lib/gcc/arm-none-eabi/7.2.1/../../../../arm-none-eabi/lib/thumb/v7e-m/fpv4-sp/hard\libc_nano.a(lib_a-setvbuf.o)
                              c:/users/taisu/.platformio/packages/toolchain-gccarmnoneeabi/bin/../lib/gcc/arm-none-eabi/7.2.1/../../../../arm-none-eabi/lib/thumb/v7e-m/fpv4-sp/hard\libc_nano.a(lib_a-setbuf.o) (setvbuf)
c:/users/taisu/.platformio/packages/toolchain-gccarmnoneeabi/bin/../lib/gcc/arm-none-eabi/7.2.1/../../../../arm-none-eabi/lib/thumb/v7e-m/fpv4-sp/hard\libc_nano.a(lib_a-sf_nan.o)
                              c:/users/taisu/.platformio/packages/toolchain-gccarmnoneeabi/bin/../lib/gcc/arm-none-eabi/7.2.1/../../../../arm-none-eabi/lib/thumb/v7e-m/fpv4-sp/hard\libc_nano.a(lib_a-nano-vfscanf_float.o) (nanf)
c:/users/taisu/.platformio/packages/toolchain-gccarmnoneeabi/bin/../lib/gcc/arm-none-eabi/7.2.1/../../../../arm-none-eabi/lib/thumb/v7e-m/fpv4-sp/hard\libc_nano.a(lib_a-sprintf.o)
                              c:/users/taisu/.platformio/packages/toolchain-gccarmnoneeabi/bin/../lib/gcc/arm-none-eabi/7.2.1/../../../../arm-none-eabi/lib/thumb/v7e-m/fpv4-sp/hard\libc_nano.a(lib_a-nano-vfscanf_float.o) (sprintf)
c:/users/taisu/.platformio/packages/toolchain-gccarmnoneeabi/bin/../lib/gcc/arm-none-eabi/7.2.1/../../../../arm-none-eabi/lib/thumb/v7e-m/fpv4-sp/hard\libc_nano.a(lib_a-strlen.o)
                              c:/users/taisu/.platformio/packages/toolchain-gccarmnoneeabi/bin/../lib/gcc/arm-none-eabi/7.2.1/../../../../arm-none-eabi/lib/thumb/v7e-m/fpv4-sp/hard\libc_nano.a(lib_a-nano-vfprintf_float.o) (strlen)
[...]
Memory Configuration

Name             Origin             Length             Attributes
RAM              0x20000000         0x00020000         xrw
FLASH            0x08000000         0x00080000         xr
*default*        0x00000000         0xffffffff

Linker script and memory map

LOAD c:/users/taisu/.platformio/packages/toolchain-gccarmnoneeabi/bin/../lib/gcc/arm-none-eabi/7.2.1/thumb/v7e-m/fpv4-sp/hard/crti.o
LOAD c:/users/taisu/.platformio/packages/toolchain-gccarmnoneeabi/bin/../lib/gcc/arm-none-eabi/7.2.1/thumb/v7e-m/fpv4-sp/hard/crtbegin.o
LOAD c:/users/taisu/.platformio/packages/toolchain-gccarmnoneeabi/bin/../lib/gcc/arm-none-eabi/7.2.1/../../../../arm-none-eabi/lib/thumb/v7e-m/fpv4-sp/hard/crt0.o
LOAD .pio\build\nucleo_g474re\FrameworkHALDriver\Src\stm32g4xx_hal.o
LOAD .pio\build\nucleo_g474re\FrameworkHALDriver\Src\stm32g4xx_hal_adc.o
LOAD .pio\build\nucleo_g474re\FrameworkHALDriver\Src\stm32g4xx_hal_adc_ex.o
LOAD .pio\build\nucleo_g474re\FrameworkHALDriver\Src\stm32g4xx_hal_comp.o
LOAD .pio\build\nucleo_g474re\FrameworkHALDriver\Src\stm32g4xx_hal_cordic.o
LOAD .pio\build\nucleo_g474re\FrameworkHALDriver\Src\stm32g4xx_hal_cortex.o
LOAD .pio\build\nucleo_g474re\FrameworkHALDriver\Src\stm32g4xx_hal_crc.o
LOAD .pio\build\nucleo_g474re\FrameworkHALDriver\Src\stm32g4xx_hal_crc_ex.o
LOAD .pio\build\nucleo_g474re\FrameworkHALDriver\Src\stm32g4xx_hal_cryp.o
LOAD .pio\build\nucleo_g474re\FrameworkHALDriver\Src\stm32g4xx_hal_cryp_ex.o
LOAD .pio\build\nucleo_g474re\FrameworkHALDriver\Src\stm32g4xx_hal_dac.o
LOAD .pio\build\nucleo_g474re\FrameworkHALDriver\Src\stm32g4xx_hal_dac_ex.o
LOAD .pio\build\nucleo_g474re\FrameworkHALDriver\Src\stm32g4xx_hal_dma.o
LOAD .pio\build\nucleo_g474re\FrameworkHALDriver\Src\stm32g4xx_hal_dma_ex.o
LOAD .pio\build\nucleo_g474re\FrameworkHALDriver\Src\stm32g4xx_hal_exti.o
LOAD .pio\build\nucleo_g474re\FrameworkHALDriver\Src\stm32g4xx_hal_fdcan.o
LOAD .pio\build\nucleo_g474re\FrameworkHALDriver\Src\stm32g4xx_hal_flash.o
LOAD .pio\build\nucleo_g474re\FrameworkHALDriver\Src\stm32g4xx_hal_flash_ex.o
LOAD .pio\build\nucleo_g474re\FrameworkHALDriver\Src\stm32g4xx_hal_flash_ramfunc.o
LOAD .pio\build\nucleo_g474re\FrameworkHALDriver\Src\stm32g4xx_hal_fmac.o
LOAD .pio\build\nucleo_g474re\FrameworkHALDriver\Src\stm32g4xx_hal_gpio.o
LOAD .pio\build\nucleo_g474re\FrameworkHALDriver\Src\stm32g4xx_hal_hrtim.o
LOAD .pio\build\nucleo_g474re\FrameworkHALDriver\Src\stm32g4xx_hal_i2c.o
LOAD .pio\build\nucleo_g474re\FrameworkHALDriver\Src\stm32g4xx_hal_i2c_ex.o
LOAD .pio\build\nucleo_g474re\FrameworkHALDriver\Src\stm32g4xx_hal_i2s.o
LOAD .pio\build\nucleo_g474re\FrameworkHALDriver\Src\stm32g4xx_hal_irda.o
LOAD .pio\build\nucleo_g474re\FrameworkHALDriver\Src\stm32g4xx_hal_iwdg.o
LOAD .pio\build\nucleo_g474re\FrameworkHALDriver\Src\stm32g4xx_hal_lptim.o
LOAD .pio\build\nucleo_g474re\FrameworkHALDriver\Src\stm32g4xx_hal_nand.o
LOAD .pio\build\nucleo_g474re\FrameworkHALDriver\Src\stm32g4xx_hal_nor.o
LOAD .pio\build\nucleo_g474re\FrameworkHALDriver\Src\stm32g4xx_hal_opamp.o
LOAD .pio\build\nucleo_g474re\FrameworkHALDriver\Src\stm32g4xx_hal_opamp_ex.o
LOAD .pio\build\nucleo_g474re\FrameworkHALDriver\Src\stm32g4xx_hal_pcd.o
LOAD .pio\build\nucleo_g474re\FrameworkHALDriver\Src\stm32g4xx_hal_pcd_ex.o
LOAD .pio\build\nucleo_g474re\FrameworkHALDriver\Src\stm32g4xx_hal_pwr.o
LOAD .pio\build\nucleo_g474re\FrameworkHALDriver\Src\stm32g4xx_hal_pwr_ex.o
LOAD .pio\build\nucleo_g474re\FrameworkHALDriver\Src\stm32g4xx_hal_qspi.o
LOAD .pio\build\nucleo_g474re\FrameworkHALDriver\Src\stm32g4xx_hal_rcc.o
LOAD .pio\build\nucleo_g474re\FrameworkHALDriver\Src\stm32g4xx_hal_rcc_ex.o
LOAD .pio\build\nucleo_g474re\FrameworkHALDriver\Src\stm32g4xx_hal_rng.o
LOAD .pio\build\nucleo_g474re\FrameworkHALDriver\Src\stm32g4xx_hal_rtc.o
LOAD .pio\build\nucleo_g474re\FrameworkHALDriver\Src\stm32g4xx_hal_rtc_ex.o
LOAD .pio\build\nucleo_g474re\FrameworkHALDriver\Src\stm32g4xx_hal_sai.o
LOAD .pio\build\nucleo_g474re\FrameworkHALDriver\Src\stm32g4xx_hal_sai_ex.o
LOAD .pio\build\nucleo_g474re\FrameworkHALDriver\Src\stm32g4xx_hal_smartcard.o
LOAD .pio\build\nucleo_g474re\FrameworkHALDriver\Src\stm32g4xx_hal_smartcard_ex.o
LOAD .pio\build\nucleo_g474re\FrameworkHALDriver\Src\stm32g4xx_hal_smbus.o
LOAD .pio\build\nucleo_g474re\FrameworkHALDriver\Src\stm32g4xx_hal_smbus_ex.o
LOAD .pio\build\nucleo_g474re\FrameworkHALDriver\Src\stm32g4xx_hal_spi.o
LOAD .pio\build\nucleo_g474re\FrameworkHALDriver\Src\stm32g4xx_hal_spi_ex.o
LOAD .pio\build\nucleo_g474re\FrameworkHALDriver\Src\stm32g4xx_hal_sram.o
LOAD .pio\build\nucleo_g474re\FrameworkHALDriver\Src\stm32g4xx_hal_tim.o
LOAD .pio\build\nucleo_g474re\FrameworkHALDriver\Src\stm32g4xx_hal_tim_ex.o
LOAD .pio\build\nucleo_g474re\FrameworkHALDriver\Src\stm32g4xx_hal_uart.o
LOAD .pio\build\nucleo_g474re\FrameworkHALDriver\Src\stm32g4xx_hal_uart_ex.o
LOAD .pio\build\nucleo_g474re\FrameworkHALDriver\Src\stm32g4xx_hal_usart.o
LOAD .pio\build\nucleo_g474re\FrameworkHALDriver\Src\stm32g4xx_hal_usart_ex.o
LOAD .pio\build\nucleo_g474re\FrameworkHALDriver\Src\stm32g4xx_hal_wwdg.o
LOAD .pio\build\nucleo_g474re\FrameworkHALDriver\Src\stm32g4xx_ll_adc.o
LOAD .pio\build\nucleo_g474re\FrameworkHALDriver\Src\stm32g4xx_ll_comp.o
LOAD .pio\build\nucleo_g474re\FrameworkHALDriver\Src\stm32g4xx_ll_cordic.o
LOAD .pio\build\nucleo_g474re\FrameworkHALDriver\Src\stm32g4xx_ll_crc.o
LOAD .pio\build\nucleo_g474re\FrameworkHALDriver\Src\stm32g4xx_ll_crs.o
LOAD .pio\build\nucleo_g474re\FrameworkHALDriver\Src\stm32g4xx_ll_dac.o
LOAD .pio\build\nucleo_g474re\FrameworkHALDriver\Src\stm32g4xx_ll_dma.o
LOAD .pio\build\nucleo_g474re\FrameworkHALDriver\Src\stm32g4xx_ll_exti.o
LOAD .pio\build\nucleo_g474re\FrameworkHALDriver\Src\stm32g4xx_ll_fmac.o
LOAD .pio\build\nucleo_g474re\FrameworkHALDriver\Src\stm32g4xx_ll_fmc.o
LOAD .pio\build\nucleo_g474re\FrameworkHALDriver\Src\stm32g4xx_ll_gpio.o
LOAD .pio\build\nucleo_g474re\FrameworkHALDriver\Src\stm32g4xx_ll_hrtim.o
LOAD .pio\build\nucleo_g474re\FrameworkHALDriver\Src\stm32g4xx_ll_i2c.o
LOAD .pio\build\nucleo_g474re\FrameworkHALDriver\Src\stm32g4xx_ll_lptim.o
LOAD .pio\build\nucleo_g474re\FrameworkHALDriver\Src\stm32g4xx_ll_lpuart.o
LOAD .pio\build\nucleo_g474re\FrameworkHALDriver\Src\stm32g4xx_ll_opamp.o
LOAD .pio\build\nucleo_g474re\FrameworkHALDriver\Src\stm32g4xx_ll_pwr.o
LOAD .pio\build\nucleo_g474re\FrameworkHALDriver\Src\stm32g4xx_ll_rcc.o
LOAD .pio\build\nucleo_g474re\FrameworkHALDriver\Src\stm32g4xx_ll_rng.o
LOAD .pio\build\nucleo_g474re\FrameworkHALDriver\Src\stm32g4xx_ll_rtc.o
LOAD .pio\build\nucleo_g474re\FrameworkHALDriver\Src\stm32g4xx_ll_spi.o
LOAD .pio\build\nucleo_g474re\FrameworkHALDriver\Src\stm32g4xx_ll_tim.o
LOAD .pio\build\nucleo_g474re\FrameworkHALDriver\Src\stm32g4xx_ll_ucpd.o
LOAD .pio\build\nucleo_g474re\FrameworkHALDriver\Src\stm32g4xx_ll_usart.o
LOAD .pio\build\nucleo_g474re\FrameworkHALDriver\Src\stm32g4xx_ll_usb.o
LOAD .pio\build\nucleo_g474re\FrameworkHALDriver\Src\stm32g4xx_ll_utils.o
LOAD .pio\build\nucleo_g474re\src\gpio.o
LOAD .pio\build\nucleo_g474re\src\main.o
LOAD .pio\build\nucleo_g474re\src\stm32g4xx_hal_msp.o
LOAD .pio\build\nucleo_g474re\src\stm32g4xx_it.o
LOAD .pio\build\nucleo_g474re\src\syscalls.o
LOAD .pio\build\nucleo_g474re\src\system_stm32g4xx.o
LOAD .pio\build\nucleo_g474re\src\tim.o
LOAD .pio\build\nucleo_g474re\src\usart.o
START GROUP
LOAD c:/users/taisu/.platformio/packages/toolchain-gccarmnoneeabi/bin/../lib/gcc/arm-none-eabi/7.2.1/../../../../arm-none-eabi/lib/thumb/v7e-m/fpv4-sp/hard\libc_nano.a
LOAD c:/users/taisu/.platformio/packages/toolchain-gccarmnoneeabi/bin/../lib/gcc/arm-none-eabi/7.2.1/thumb/v7e-m/fpv4-sp/hard\libgcc.a
LOAD c:/users/taisu/.platformio/packages/toolchain-gccarmnoneeabi/bin/../lib/gcc/arm-none-eabi/7.2.1/../../../../arm-none-eabi/lib/thumb/v7e-m/fpv4-sp/hard\libm.a
LOAD c:/users/taisu/.platformio/packages/toolchain-gccarmnoneeabi/bin/../lib/gcc/arm-none-eabi/7.2.1/../../../../arm-none-eabi/lib/thumb/v7e-m/fpv4-sp/hard\libstdc++_nano.a
LOAD c:/users/taisu/.platformio/packages/toolchain-gccarmnoneeabi/bin/../lib/gcc/arm-none-eabi/7.2.1/../../../../arm-none-eabi/lib/thumb/v7e-m/fpv4-sp/hard\libnosys.a
LOAD .pio\build\nucleo_g474re\libFrameworkCMSISDevice.a
END GROUP
START GROUP
LOAD c:/users/taisu/.platformio/packages/toolchain-gccarmnoneeabi/bin/../lib/gcc/arm-none-eabi/7.2.1/thumb/v7e-m/fpv4-sp/hard\libgcc.a
LOAD c:/users/taisu/.platformio/packages/toolchain-gccarmnoneeabi/bin/../lib/gcc/arm-none-eabi/7.2.1/../../../../arm-none-eabi/lib/thumb/v7e-m/fpv4-sp/hard\libg_nano.a
LOAD c:/users/taisu/.platformio/packages/toolchain-gccarmnoneeabi/bin/../lib/gcc/arm-none-eabi/7.2.1/../../../../arm-none-eabi/lib/thumb/v7e-m/fpv4-sp/hard\libc_nano.a
END GROUP
START GROUP
LOAD c:/users/taisu/.platformio/packages/toolchain-gccarmnoneeabi/bin/../lib/gcc/arm-none-eabi/7.2.1/thumb/v7e-m/fpv4-sp/hard\libgcc.a
LOAD c:/users/taisu/.platformio/packages/toolchain-gccarmnoneeabi/bin/../lib/gcc/arm-none-eabi/7.2.1/../../../../arm-none-eabi/lib/thumb/v7e-m/fpv4-sp/hard\libc_nano.a
LOAD c:/users/taisu/.platformio/packages/toolchain-gccarmnoneeabi/bin/../lib/gcc/arm-none-eabi/7.2.1/../../../../arm-none-eabi/lib/thumb/v7e-m/fpv4-sp/hard\libnosys.a
END GROUP
START GROUP
LOAD c:/users/taisu/.platformio/packages/toolchain-gccarmnoneeabi/bin/../lib/gcc/arm-none-eabi/7.2.1/thumb/v7e-m/fpv4-sp/hard\libgcc.a
LOAD c:/users/taisu/.platformio/packages/toolchain-gccarmnoneeabi/bin/../lib/gcc/arm-none-eabi/7.2.1/../../../../arm-none-eabi/lib/thumb/v7e-m/fpv4-sp/hard\libc_nano.a
LOAD c:/users/taisu/.platformio/packages/toolchain-gccarmnoneeabi/bin/../lib/gcc/arm-none-eabi/7.2.1/../../../../arm-none-eabi/lib/thumb/v7e-m/fpv4-sp/hard\libnosys.a
END GROUP
LOAD c:/users/taisu/.platformio/packages/toolchain-gccarmnoneeabi/bin/../lib/gcc/arm-none-eabi/7.2.1/thumb/v7e-m/fpv4-sp/hard/crtend.o
LOAD c:/users/taisu/.platformio/packages/toolchain-gccarmnoneeabi/bin/../lib/gcc/arm-none-eabi/7.2.1/thumb/v7e-m/fpv4-sp/hard/crtn.o
                0x20020000                _estack = (ORIGIN (RAM) + LENGTH (RAM))
                0x00000200                _Min_Heap_Size = 0x200
                0x00000400                _Min_Stack_Size = 0x400

.isr_vector     0x08000000      0x1d8
                0x08000000                . = ALIGN (0x4)
 *(.isr_vector)
 .isr_vector    0x08000000      0x1d8 .pio\build\nucleo_g474re\libFrameworkCMSISDevice.a(startup_stm32g474xx.o)
                0x08000000                g_pfnVectors
                0x080001d8                . = ALIGN (0x4)

.text           0x080001e0     0x8100
                0x080001e0                . = ALIGN (0x4)
 *(.text)
 .text          0x080001e0       0x40 c:/users/taisu/.platformio/packages/toolchain-gccarmnoneeabi/bin/../lib/gcc/arm-none-eabi/7.2.1/thumb/v7e-m/fpv4-sp/hard/crtbegin.o
 .text          0x08000220       0x10 c:/users/taisu/.platformio/packages/toolchain-gccarmnoneeabi/bin/../lib/gcc/arm-none-eabi/7.2.1/../../../../arm-none-eabi/lib/thumb/v7e-m/fpv4-sp/hard\libc_nano.a(lib_a-strlen.o)
                0x08000220                strlen
 .text          0x08000230       0xa0 c:/users/taisu/.platformio/packages/toolchain-gccarmnoneeabi/bin/../lib/gcc/arm-none-eabi/7.2.1/../../../../arm-none-eabi/lib/thumb/v7e-m/fpv4-sp/hard\libc_nano.a(lib_a-memchr.o)
                0x08000230                memchr
 .text          0x080002d0      0x378 c:/users/taisu/.platformio/packages/toolchain-gccarmnoneeabi/bin/../lib/gcc/arm-none-eabi/7.2.1/thumb/v7e-m/fpv4-sp/hard\libgcc.a(_arm_addsubdf3.o)
                0x080002d0                __aeabi_drsub
                0x080002d8                __aeabi_dsub
                0x080002d8                __subdf3
                0x080002dc                __aeabi_dadd
                0x080002dc                __adddf3
                0x08000554                __floatunsidf
                0x08000554                __aeabi_ui2d
                0x08000574                __floatsidf
                0x08000574                __aeabi_i2d
                0x08000598                __aeabi_f2d
                0x08000598                __extendsfdf2
                0x080005dc                __floatundidf
                0x080005dc                __aeabi_ul2d
                0x080005ec                __floatdidf
                0x080005ec                __aeabi_l2d
 .text          0x08000648      0x424 c:/users/taisu/.platformio/packages/toolchain-gccarmnoneeabi/bin/../lib/gcc/arm-none-eabi/7.2.1/thumb/v7e-m/fpv4-sp/hard\libgcc.a(_arm_muldivdf3.o)
                0x08000648                __aeabi_dmul
                0x08000648                __muldf3
                0x0800089c                __divdf3
                0x0800089c                __aeabi_ddiv
 .text          0x08000a6c      0x110 c:/users/taisu/.platformio/packages/toolchain-gccarmnoneeabi/bin/../lib/gcc/arm-none-eabi/7.2.1/thumb/v7e-m/fpv4-sp/hard\libgcc.a(_arm_cmpdf2.o)
                0x08000a6c                __gtdf2
                0x08000a6c                __gedf2
                0x08000a74                __ltdf2
                0x08000a74                __ledf2
                0x08000a7c                __nedf2
                0x08000a7c                __eqdf2
                0x08000a7c                __cmpdf2
                0x08000af8                __aeabi_cdrcmple
                0x08000b08                __aeabi_cdcmpeq
                0x08000b08                __aeabi_cdcmple
                0x08000b18                __aeabi_dcmpeq
                0x08000b2c                __aeabi_dcmplt
                0x08000b40                __aeabi_dcmple
                0x08000b54                __aeabi_dcmpge
                0x08000b68                __aeabi_dcmpgt
 .text          0x08000b7c       0x2c c:/users/taisu/.platformio/packages/toolchain-gccarmnoneeabi/bin/../lib/gcc/arm-none-eabi/7.2.1/thumb/v7e-m/fpv4-sp/hard\libgcc.a(_arm_unorddf2.o)
                0x08000b7c                __unorddf2
                0x08000b7c                __aeabi_dcmpun
 .text          0x08000ba8       0x50 c:/users/taisu/.platformio/packages/toolchain-gccarmnoneeabi/bin/../lib/gcc/arm-none-eabi/7.2.1/thumb/v7e-m/fpv4-sp/hard\libgcc.a(_arm_fixdfsi.o)
                0x08000ba8                __aeabi_d2iz
                0x08000ba8                __fixdfsi
 .text          0x08000bf8       0x40 c:/users/taisu/.platformio/packages/toolchain-gccarmnoneeabi/bin/../lib/gcc/arm-none-eabi/7.2.1/thumb/v7e-m/fpv4-sp/hard\libgcc.a(_arm_fixunsdfsi.o)
                0x08000bf8                __aeabi_d2uiz
                0x08000bf8                __fixunsdfsi
 .text          0x08000c38       0xa0 c:/users/taisu/.platformio/packages/toolchain-gccarmnoneeabi/bin/../lib/gcc/arm-none-eabi/7.2.1/thumb/v7e-m/fpv4-sp/hard\libgcc.a(_arm_truncdfsf2.o)
                0x08000c38                __truncdfsf2
                0x08000c38                __aeabi_d2f
 .text          0x08000cd8       0x30 c:/users/taisu/.platformio/packages/toolchain-gccarmnoneeabi/bin/../lib/gcc/arm-none-eabi/7.2.1/thumb/v7e-m/fpv4-sp/hard\libgcc.a(_aeabi_uldivmod.o)
                0x08000cd8                __aeabi_uldivmod
 .text          0x08000d08      0x2cc c:/users/taisu/.platformio/packages/toolchain-gccarmnoneeabi/bin/../lib/gcc/arm-none-eabi/7.2.1/thumb/v7e-m/fpv4-sp/hard\libgcc.a(_udivmoddi4.o)
                0x08000d08                __udivmoddi4
 .text          0x08000fd4        0x4 c:/users/taisu/.platformio/packages/toolchain-gccarmnoneeabi/bin/../lib/gcc/arm-none-eabi/7.2.1/thumb/v7e-m/fpv4-sp/hard\libgcc.a(_dvmd_tls.o)
                0x08000fd4                __aeabi_idiv0
                0x08000fd4                __aeabi_ldiv0
 *(.text*)
 .text.HAL_InitTick
                0x08000fd8       0x50 .pio\build\nucleo_g474re\FrameworkHALDriver\Src\stm32g4xx_hal.o
                0x08000fd8                HAL_InitTick
 .text.HAL_Init
                0x08001028       0x1e .pio\build\nucleo_g474re\FrameworkHALDriver\Src\stm32g4xx_hal.o
                0x08001028                HAL_Init
 *fill*         0x08001046        0x2 
 .text.HAL_IncTick
                0x08001048       0x18 .pio\build\nucleo_g474re\FrameworkHALDriver\Src\stm32g4xx_hal.o
                0x08001048                HAL_IncTick
 .text.HAL_GetTick
                0x08001060        0xc .pio\build\nucleo_g474re\FrameworkHALDriver\Src\stm32g4xx_hal.o
                0x08001060                HAL_GetTick
 .text.HAL_Delay
                0x0800106c       0x28 .pio\build\nucleo_g474re\FrameworkHALDriver\Src\stm32g4xx_hal.o
                0x0800106c                HAL_Delay
 .text.HAL_NVIC_SetPriorityGrouping
                0x08001094       0x24 .pio\build\nucleo_g474re\FrameworkHALDriver\Src\stm32g4xx_hal_cortex.o
                0x08001094                HAL_NVIC_SetPriorityGrouping
 .text.HAL_NVIC_SetPriority
                0x080010b8       0x68 .pio\build\nucleo_g474re\FrameworkHALDriver\Src\stm32g4xx_hal_cortex.o
                0x080010b8                HAL_NVIC_SetPriority
 .text.HAL_NVIC_EnableIRQ
                0x08001120       0x1c .pio\build\nucleo_g474re\FrameworkHALDriver\Src\stm32g4xx_hal_cortex.o
                0x08001120                HAL_NVIC_EnableIRQ
 .text.HAL_SYSTICK_Config
                0x0800113c       0x2c .pio\build\nucleo_g474re\FrameworkHALDriver\Src\stm32g4xx_hal_cortex.o
                0x0800113c                HAL_SYSTICK_Config
 .text.HAL_DMA_Abort
                0x08001168       0x6c .pio\build\nucleo_g474re\FrameworkHALDriver\Src\stm32g4xx_hal_dma.o
                0x08001168                HAL_DMA_Abort
 .text.HAL_DMA_Abort_IT
                0x080011d4       0x7e .pio\build\nucleo_g474re\FrameworkHALDriver\Src\stm32g4xx_hal_dma.o
                0x080011d4                HAL_DMA_Abort_IT
 *fill*         0x08001252        0x2 
 .text.HAL_GPIO_Init
                0x08001254      0x1a0 .pio\build\nucleo_g474re\FrameworkHALDriver\Src\stm32g4xx_hal_gpio.o
                0x08001254                HAL_GPIO_Init
 .text.HAL_GPIO_WritePin
                0x080013f4        0xa .pio\build\nucleo_g474re\FrameworkHALDriver\Src\stm32g4xx_hal_gpio.o
                0x080013f4                HAL_GPIO_WritePin
 .text.HAL_GPIO_EXTI_Callback
                0x080013fe        0x2 .pio\build\nucleo_g474re\FrameworkHALDriver\Src\stm32g4xx_hal_gpio.o
                0x080013fe                HAL_GPIO_EXTI_Callback
 .text.HAL_GPIO_EXTI_IRQHandler
                0x08001400       0x1c .pio\build\nucleo_g474re\FrameworkHALDriver\Src\stm32g4xx_hal_gpio.o
                0x08001400                HAL_GPIO_EXTI_IRQHandler
 .text.HAL_PWREx_ControlVoltageScaling
                0x0800141c      0x10c .pio\build\nucleo_g474re\FrameworkHALDriver\Src\stm32g4xx_hal_pwr_ex.o
                0x0800141c                HAL_PWREx_ControlVoltageScaling
 .text.HAL_PWREx_DisableUCPDDeadBattery
                0x08001528       0x10 .pio\build\nucleo_g474re\FrameworkHALDriver\Src\stm32g4xx_hal_pwr_ex.o
                0x08001528                HAL_PWREx_DisableUCPDDeadBattery
 .text.RCC_GetSysClockFreqFromPLLSource
                0x08001538       0x58 .pio\build\nucleo_g474re\FrameworkHALDriver\Src\stm32g4xx_hal_rcc.o
 .text.HAL_RCC_OscConfig
                0x08001590      0x4e8 .pio\build\nucleo_g474re\FrameworkHALDriver\Src\stm32g4xx_hal_rcc.o
                0x08001590                HAL_RCC_OscConfig
 .text.HAL_RCC_GetSysClockFreq
                0x08001a78       0x88 .pio\build\nucleo_g474re\FrameworkHALDriver\Src\stm32g4xx_hal_rcc.o
                0x08001a78                HAL_RCC_GetSysClockFreq
 .text.HAL_RCC_ClockConfig
                0x08001b00      0x1fc .pio\build\nucleo_g474re\FrameworkHALDriver\Src\stm32g4xx_hal_rcc.o
                0x08001b00                HAL_RCC_ClockConfig
 .text.HAL_RCC_GetHCLKFreq
                0x08001cfc        0xc .pio\build\nucleo_g474re\FrameworkHALDriver\Src\stm32g4xx_hal_rcc.o
                0x08001cfc                HAL_RCC_GetHCLKFreq
 .text.HAL_RCC_GetPCLK1Freq
                0x08001d08       0x24 .pio\build\nucleo_g474re\FrameworkHALDriver\Src\stm32g4xx_hal_rcc.o
                0x08001d08                HAL_RCC_GetPCLK1Freq
 .text.HAL_RCC_GetPCLK2Freq
                0x08001d2c       0x24 .pio\build\nucleo_g474re\FrameworkHALDriver\Src\stm32g4xx_hal_rcc.o
                0x08001d2c                HAL_RCC_GetPCLK2Freq
 .text.HAL_RCCEx_PeriphCLKConfig
                0x08001d50      0x378 .pio\build\nucleo_g474re\FrameworkHALDriver\Src\stm32g4xx_hal_rcc_ex.o
                0x08001d50                HAL_RCCEx_PeriphCLKConfig
 .text.TIM_TI1_ConfigInputStage
                0x080020c8       0x26 .pio\build\nucleo_g474re\FrameworkHALDriver\Src\stm32g4xx_hal_tim.o
 .text.TIM_TI2_SetConfig
                0x080020ee       0x34 .pio\build\nucleo_g474re\FrameworkHALDriver\Src\stm32g4xx_hal_tim.o
 .text.TIM_TI2_ConfigInputStage
                0x08002122       0x28 .pio\build\nucleo_g474re\FrameworkHALDriver\Src\stm32g4xx_hal_tim.o
 .text.TIM_TI3_SetConfig
                0x0800214a       0x32 .pio\build\nucleo_g474re\FrameworkHALDriver\Src\stm32g4xx_hal_tim.o
 .text.TIM_TI4_SetConfig
                0x0800217c       0x34 .pio\build\nucleo_g474re\FrameworkHALDriver\Src\stm32g4xx_hal_tim.o
 .text.TIM_ITRx_SetConfig
                0x080021b0       0x14 .pio\build\nucleo_g474re\FrameworkHALDriver\Src\stm32g4xx_hal_tim.o
 .text.HAL_TIM_Base_Start_IT
                0x080021c4       0x94 .pio\build\nucleo_g474re\FrameworkHALDriver\Src\stm32g4xx_hal_tim.o
                0x080021c4                HAL_TIM_Base_Start_IT
 .text.HAL_TIM_IC_MspInit
                0x08002258        0x2 .pio\build\nucleo_g474re\FrameworkHALDriver\Src\stm32g4xx_hal_tim.o
                0x08002258                HAL_TIM_IC_MspInit
 .text.HAL_TIM_OC_DelayElapsedCallback
                0x0800225a        0x2 .pio\build\nucleo_g474re\FrameworkHALDriver\Src\stm32g4xx_hal_tim.o
                0x0800225a                HAL_TIM_OC_DelayElapsedCallback
 .text.HAL_TIM_PWM_PulseFinishedCallback
                0x0800225c        0x2 .pio\build\nucleo_g474re\FrameworkHALDriver\Src\stm32g4xx_hal_tim.o
                0x0800225c                HAL_TIM_PWM_PulseFinishedCallback
 .text.HAL_TIM_TriggerCallback
                0x0800225e        0x2 .pio\build\nucleo_g474re\FrameworkHALDriver\Src\stm32g4xx_hal_tim.o
                0x0800225e                HAL_TIM_TriggerCallback
 .text.HAL_TIM_IRQHandler
                0x08002260      0x21e .pio\build\nucleo_g474re\FrameworkHALDriver\Src\stm32g4xx_hal_tim.o
                0x08002260                HAL_TIM_IRQHandler
 *fill*         0x0800247e        0x2 
 .text.TIM_Base_SetConfig
                0x08002480       0xe0 .pio\build\nucleo_g474re\FrameworkHALDriver\Src\stm32g4xx_hal_tim.o
                0x08002480                TIM_Base_SetConfig
 .text.HAL_TIM_Base_Init
                0x08002560       0x5e .pio\build\nucleo_g474re\FrameworkHALDriver\Src\stm32g4xx_hal_tim.o
                0x08002560                HAL_TIM_Base_Init
 .text.HAL_TIM_IC_Init
                0x080025be       0x5e .pio\build\nucleo_g474re\FrameworkHALDriver\Src\stm32g4xx_hal_tim.o
                0x080025be                HAL_TIM_IC_Init
 .text.TIM_TI1_SetConfig
                0x0800261c       0x78 .pio\build\nucleo_g474re\FrameworkHALDriver\Src\stm32g4xx_hal_tim.o
                0x0800261c                TIM_TI1_SetConfig
 .text.HAL_TIM_IC_ConfigChannel
                0x08002694       0xb4 .pio\build\nucleo_g474re\FrameworkHALDriver\Src\stm32g4xx_hal_tim.o
                0x08002694                HAL_TIM_IC_ConfigChannel
 .text.TIM_ETR_SetConfig
                0x08002748       0x18 .pio\build\nucleo_g474re\FrameworkHALDriver\Src\stm32g4xx_hal_tim.o
                0x08002748                TIM_ETR_SetConfig
 .text.HAL_TIM_ConfigClockSource
                0x08002760      0x124 .pio\build\nucleo_g474re\FrameworkHALDriver\Src\stm32g4xx_hal_tim.o
                0x08002760                HAL_TIM_ConfigClockSource
 .text.TIM_CCxChannelCmd
                0x08002884       0x22 .pio\build\nucleo_g474re\FrameworkHALDriver\Src\stm32g4xx_hal_tim.o
                0x08002884                TIM_CCxChannelCmd
 *fill*         0x080028a6        0x2 
 .text.HAL_TIM_IC_Start_IT
                0x080028a8      0x1ac .pio\build\nucleo_g474re\FrameworkHALDriver\Src\stm32g4xx_hal_tim.o
                0x080028a8                HAL_TIM_IC_Start_IT
 .text.HAL_TIMEx_MasterConfigSynchronization
                0x08002a54       0xac .pio\build\nucleo_g474re\FrameworkHALDriver\Src\stm32g4xx_hal_tim_ex.o
                0x08002a54                HAL_TIMEx_MasterConfigSynchronization
 .text.HAL_TIMEx_CommutCallback
                0x08002b00        0x2 .pio\build\nucleo_g474re\FrameworkHALDriver\Src\stm32g4xx_hal_tim_ex.o
                0x08002b00                HAL_TIMEx_CommutCallback
 .text.HAL_TIMEx_BreakCallback
                0x08002b02        0x2 .pio\build\nucleo_g474re\FrameworkHALDriver\Src\stm32g4xx_hal_tim_ex.o
                0x08002b02                HAL_TIMEx_BreakCallback
 .text.HAL_TIMEx_Break2Callback
                0x08002b04        0x2 .pio\build\nucleo_g474re\FrameworkHALDriver\Src\stm32g4xx_hal_tim_ex.o
                0x08002b04                HAL_TIMEx_Break2Callback
 .text.HAL_TIMEx_EncoderIndexCallback
                0x08002b06        0x2 .pio\build\nucleo_g474re\FrameworkHALDriver\Src\stm32g4xx_hal_tim_ex.o
                0x08002b06                HAL_TIMEx_EncoderIndexCallback
 .text.HAL_TIMEx_DirectionChangeCallback
                0x08002b08        0x2 .pio\build\nucleo_g474re\FrameworkHALDriver\Src\stm32g4xx_hal_tim_ex.o
                0x08002b08                HAL_TIMEx_DirectionChangeCallback
 .text.HAL_TIMEx_IndexErrorCallback
                0x08002b0a        0x2 .pio\build\nucleo_g474re\FrameworkHALDriver\Src\stm32g4xx_hal_tim_ex.o
                0x08002b0a                HAL_TIMEx_IndexErrorCallback
 .text.HAL_TIMEx_TransitionErrorCallback
                0x08002b0c        0x2 .pio\build\nucleo_g474re\FrameworkHALDriver\Src\stm32g4xx_hal_tim_ex.o
                0x08002b0c                HAL_TIMEx_TransitionErrorCallback
 .text.UART_EndRxTransfer
                0x08002b0e       0x38 .pio\build\nucleo_g474re\FrameworkHALDriver\Src\stm32g4xx_hal_uart.o
 .text.HAL_UART_TxCpltCallback
                0x08002b46        0x2 .pio\build\nucleo_g474re\FrameworkHALDriver\Src\stm32g4xx_hal_uart.o
                0x08002b46                HAL_UART_TxCpltCallback
 .text.UART_EndTransmit_IT
                0x08002b48       0x1c .pio\build\nucleo_g474re\FrameworkHALDriver\Src\stm32g4xx_hal_uart.o
 .text.HAL_UART_ErrorCallback
                0x08002b64        0x2 .pio\build\nucleo_g474re\FrameworkHALDriver\Src\stm32g4xx_hal_uart.o
                0x08002b64                HAL_UART_ErrorCallback
 .text.UART_DMAAbortOnError
                0x08002b66       0x14 .pio\build\nucleo_g474re\FrameworkHALDriver\Src\stm32g4xx_hal_uart.o
 .text.HAL_UARTEx_RxEventCallback
                0x08002b7a        0x2 .pio\build\nucleo_g474re\FrameworkHALDriver\Src\stm32g4xx_hal_uart.o
                0x08002b7a                HAL_UARTEx_RxEventCallback
 .text.HAL_UART_IRQHandler
                0x08002b7c      0x2cc .pio\build\nucleo_g474re\FrameworkHALDriver\Src\stm32g4xx_hal_uart.o
                0x08002b7c                HAL_UART_IRQHandler
 .text.UART_SetConfig
                0x08002e48      0x384 .pio\build\nucleo_g474re\FrameworkHALDriver\Src\stm32g4xx_hal_uart.o
                0x08002e48                UART_SetConfig
 .text.UART_AdvFeatureConfig
                0x080031cc       0xca .pio\build\nucleo_g474re\FrameworkHALDriver\Src\stm32g4xx_hal_uart.o
                0x080031cc                UART_AdvFeatureConfig
 .text.UART_WaitOnFlagUntilTimeout
                0x08003296       0xa6 .pio\build\nucleo_g474re\FrameworkHALDriver\Src\stm32g4xx_hal_uart.o
                0x08003296                UART_WaitOnFlagUntilTimeout
 .text.HAL_UART_Transmit
                0x0800333c       0xe0 .pio\build\nucleo_g474re\FrameworkHALDriver\Src\stm32g4xx_hal_uart.o
                0x0800333c                HAL_UART_Transmit
 .text.HAL_UART_Receive
                0x0800341c      0x128 .pio\build\nucleo_g474re\FrameworkHALDriver\Src\stm32g4xx_hal_uart.o
                0x0800341c                HAL_UART_Receive
 .text.UART_CheckIdleState
                0x08003544       0x74 .pio\build\nucleo_g474re\FrameworkHALDriver\Src\stm32g4xx_hal_uart.o
                0x08003544                UART_CheckIdleState
 .text.HAL_UART_Init
                0x080035b8       0x66 .pio\build\nucleo_g474re\FrameworkHALDriver\Src\stm32g4xx_hal_uart.o
                0x080035b8                HAL_UART_Init
 *fill*         0x0800361e        0x2 
 .text.UARTEx_SetNbDataToProcess
                0x08003620       0x4c .pio\build\nucleo_g474re\FrameworkHALDriver\Src\stm32g4xx_hal_uart_ex.o
 .text.HAL_UARTEx_WakeupCallback
                0x0800366c        0x2 .pio\build\nucleo_g474re\FrameworkHALDriver\Src\stm32g4xx_hal_uart_ex.o
                0x0800366c                HAL_UARTEx_WakeupCallback
 .text.HAL_UARTEx_RxFifoFullCallback
                0x0800366e        0x2 .pio\build\nucleo_g474re\FrameworkHALDriver\Src\stm32g4xx_hal_uart_ex.o
                0x0800366e                HAL_UARTEx_RxFifoFullCallback
 .text.HAL_UARTEx_TxFifoEmptyCallback
                0x08003670        0x2 .pio\build\nucleo_g474re\FrameworkHALDriver\Src\stm32g4xx_hal_uart_ex.o
                0x08003670                HAL_UARTEx_TxFifoEmptyCallback
 .text.HAL_UARTEx_DisableFifoMode
                0x08003672       0x3e .pio\build\nucleo_g474re\FrameworkHALDriver\Src\stm32g4xx_hal_uart_ex.o
                0x08003672                HAL_UARTEx_DisableFifoMode
 .text.HAL_UARTEx_SetTxFifoThreshold
                0x080036b0       0x4a .pio\build\nucleo_g474re\FrameworkHALDriver\Src\stm32g4xx_hal_uart_ex.o
                0x080036b0                HAL_UARTEx_SetTxFifoThreshold
 .text.HAL_UARTEx_SetRxFifoThreshold
                0x080036fa       0x4a .pio\build\nucleo_g474re\FrameworkHALDriver\Src\stm32g4xx_hal_uart_ex.o
                0x080036fa                HAL_UARTEx_SetRxFifoThreshold
 .text.MX_GPIO_Init
                0x08003744       0xb0 .pio\build\nucleo_g474re\src\gpio.o
                0x08003744                MX_GPIO_Init
 .text.__io_putchar
                0x080037f4       0x20 .pio\build\nucleo_g474re\src\main.o
                0x080037f4                __io_putchar
 .text.__io_getchar
                0x08003814       0x28 .pio\build\nucleo_g474re\src\main.o
                0x08003814                __io_getchar
 .text.HAL_TIM_IC_CaptureCallback
                0x0800383c       0x7c .pio\build\nucleo_g474re\src\main.o
                0x0800383c                HAL_TIM_IC_CaptureCallback
 .text.HAL_TIM_PeriodElapsedCallback
                0x080038b8       0x10 .pio\build\nucleo_g474re\src\main.o
                0x080038b8                HAL_TIM_PeriodElapsedCallback
 .text.Error_Handler
                0x080038c8        0x4 .pio\build\nucleo_g474re\src\main.o
                0x080038c8                Error_Handler
 .text.SystemClock_Config
                0x080038cc       0x70 .pio\build\nucleo_g474re\src\main.o
                0x080038cc                SystemClock_Config
 *fill*         0x0800393c        0x4 
 .text.main     0x08003940       0x98 .pio\build\nucleo_g474re\src\main.o
                0x08003940                main
 .text.HAL_MspInit
                0x080039d8       0x38 .pio\build\nucleo_g474re\src\stm32g4xx_hal_msp.o
                0x080039d8                HAL_MspInit
 .text.NMI_Handler
                0x08003a10        0x2 .pio\build\nucleo_g474re\src\stm32g4xx_it.o
                0x08003a10                NMI_Handler
 .text.HardFault_Handler
                0x08003a12        0x2 .pio\build\nucleo_g474re\src\stm32g4xx_it.o
                0x08003a12                HardFault_Handler
 .text.MemManage_Handler
                0x08003a14        0x2 .pio\build\nucleo_g474re\src\stm32g4xx_it.o
                0x08003a14                MemManage_Handler
 .text.BusFault_Handler
                0x08003a16        0x2 .pio\build\nucleo_g474re\src\stm32g4xx_it.o
                0x08003a16                BusFault_Handler
 .text.UsageFault_Handler
                0x08003a18        0x2 .pio\build\nucleo_g474re\src\stm32g4xx_it.o
                0x08003a18                UsageFault_Handler
 .text.SVC_Handler
                0x08003a1a        0x2 .pio\build\nucleo_g474re\src\stm32g4xx_it.o
                0x08003a1a                SVC_Handler
 .text.DebugMon_Handler
                0x08003a1c        0x2 .pio\build\nucleo_g474re\src\stm32g4xx_it.o
                0x08003a1c                DebugMon_Handler
 .text.PendSV_Handler
                0x08003a1e        0x2 .pio\build\nucleo_g474re\src\stm32g4xx_it.o
                0x08003a1e                PendSV_Handler
 .text.SysTick_Handler
                0x08003a20        0x8 .pio\build\nucleo_g474re\src\stm32g4xx_it.o
                0x08003a20                SysTick_Handler
 .text.TIM2_IRQHandler
                0x08003a28       0x10 .pio\build\nucleo_g474re\src\stm32g4xx_it.o
                0x08003a28                TIM2_IRQHandler
 .text.EXTI15_10_IRQHandler
                0x08003a38        0xc .pio\build\nucleo_g474re\src\stm32g4xx_it.o
                0x08003a38                EXTI15_10_IRQHandler
 .text.LPUART1_IRQHandler
                0x08003a44       0x10 .pio\build\nucleo_g474re\src\stm32g4xx_it.o
                0x08003a44                LPUART1_IRQHandler
 .text._sbrk    0x08003a54       0x3c .pio\build\nucleo_g474re\src\syscalls.o
                0x08003a54                _sbrk
 .text._write   0x08003a90       0x1c .pio\build\nucleo_g474re\src\syscalls.o
                0x08003a90                _write
 .text._close   0x08003aac        0x6 .pio\build\nucleo_g474re\src\syscalls.o
                0x08003aac                _close
 .text._fstat   0x08003ab2        0xa .pio\build\nucleo_g474re\src\syscalls.o
                0x08003ab2                _fstat
 .text._isatty  0x08003abc        0x4 .pio\build\nucleo_g474re\src\syscalls.o
                0x08003abc                _isatty
 .text._lseek   0x08003ac0        0x4 .pio\build\nucleo_g474re\src\syscalls.o
                0x08003ac0                _lseek
 .text._read    0x08003ac4       0x1c .pio\build\nucleo_g474re\src\syscalls.o
                0x08003ac4                _read
 .text.SystemInit
                0x08003ae0       0x14 .pio\build\nucleo_g474re\src\system_stm32g4xx.o
                0x08003ae0                SystemInit
 .text.MX_TIM2_Init
                0x08003af4       0xa4 .pio\build\nucleo_g474re\src\tim.o
                0x08003af4                MX_TIM2_Init
 .text.HAL_TIM_Base_MspInit
                0x08003b98       0x6c .pio\build\nucleo_g474re\src\tim.o
                0x08003b98                HAL_TIM_Base_MspInit
 .text.MX_LPUART1_UART_Init
                0x08003c04       0x68 .pio\build\nucleo_g474re\src\usart.o
                0x08003c04                MX_LPUART1_UART_Init
 .text.HAL_UART_MspInit
                0x08003c6c       0x94 .pio\build\nucleo_g474re\src\usart.o
                0x08003c6c                HAL_UART_MspInit
 .text.__libc_init_array
                0x08003d00       0x48 c:/users/taisu/.platformio/packages/toolchain-gccarmnoneeabi/bin/../lib/gcc/arm-none-eabi/7.2.1/../../../../arm-none-eabi/lib/thumb/v7e-m/fpv4-sp/hard\libc_nano.a(lib_a-init.o)
                0x08003d00                __libc_init_array
 .text.memset   0x08003d48       0x10 c:/users/taisu/.platformio/packages/toolchain-gccarmnoneeabi/bin/../lib/gcc/arm-none-eabi/7.2.1/../../../../arm-none-eabi/lib/thumb/v7e-m/fpv4-sp/hard\libc_nano.a(lib_a-memset.o)
                0x08003d48                memset
 .text.__cvt    0x08003d58       0xc2 c:/users/taisu/.platformio/packages/toolchain-gccarmnoneeabi/bin/../lib/gcc/arm-none-eabi/7.2.1/../../../../arm-none-eabi/lib/thumb/v7e-m/fpv4-sp/hard\libc_nano.a(lib_a-nano-vfprintf_float.o)
                0x08003d58                __cvt
 .text.__exponent
                0x08003e1a       0x66 c:/users/taisu/.platformio/packages/toolchain-gccarmnoneeabi/bin/../lib/gcc/arm-none-eabi/7.2.1/../../../../arm-none-eabi/lib/thumb/v7e-m/fpv4-sp/hard\libc_nano.a(lib_a-nano-vfprintf_float.o)
                0x08003e1a                __exponent
 .text._printf_float
                0x08003e80      0x480 c:/users/taisu/.platformio/packages/toolchain-gccarmnoneeabi/bin/../lib/gcc/arm-none-eabi/7.2.1/../../../../arm-none-eabi/lib/thumb/v7e-m/fpv4-sp/hard\libc_nano.a(lib_a-nano-vfprintf_float.o)
                0x08003e80                _printf_float
 .text._printf_common
                0x08004300       0xea c:/users/taisu/.platformio/packages/toolchain-gccarmnoneeabi/bin/../lib/gcc/arm-none-eabi/7.2.1/../../../../arm-none-eabi/lib/thumb/v7e-m/fpv4-sp/hard\libc_nano.a(lib_a-nano-vfprintf_i.o)
                0x08004300                _printf_common
 *fill*         0x080043ea        0x2 
 .text._printf_i
                0x080043ec      0x224 c:/users/taisu/.platformio/packages/toolchain-gccarmnoneeabi/bin/../lib/gcc/arm-none-eabi/7.2.1/../../../../arm-none-eabi/lib/thumb/v7e-m/fpv4-sp/hard\libc_nano.a(lib_a-nano-vfprintf_i.o)
                0x080043ec                _printf_i
 .text._scanf_float
                0x08004610      0x3c4 c:/users/taisu/.platformio/packages/toolchain-gccarmnoneeabi/bin/../lib/gcc/arm-none-eabi/7.2.1/../../../../arm-none-eabi/lib/thumb/v7e-m/fpv4-sp/hard\libc_nano.a(lib_a-nano-vfscanf_float.o)
                0x08004610                _scanf_float
 .text.printf   0x080049d4       0x30 c:/users/taisu/.platformio/packages/toolchain-gccarmnoneeabi/bin/../lib/gcc/arm-none-eabi/7.2.1/../../../../arm-none-eabi/lib/thumb/v7e-m/fpv4-sp/hard\libc_nano.a(lib_a-printf.o)
                0x080049d4                iprintf
                0x080049d4                printf
 .text.setbuf   0x08004a04       0x10 c:/users/taisu/.platformio/packages/toolchain-gccarmnoneeabi/bin/../lib/gcc/arm-none-eabi/7.2.1/../../../../arm-none-eabi/lib/thumb/v7e-m/fpv4-sp/hard\libc_nano.a(lib_a-setbuf.o)
                0x08004a04                setbuf
 .text.setvbuf  0x08004a14      0x15c c:/users/taisu/.platformio/packages/toolchain-gccarmnoneeabi/bin/../lib/gcc/arm-none-eabi/7.2.1/../../../../arm-none-eabi/lib/thumb/v7e-m/fpv4-sp/hard\libc_nano.a(lib_a-setvbuf.o)
                0x08004a14                setvbuf
 .text.nanf     0x08004b70        0xc c:/users/taisu/.platformio/packages/toolchain-gccarmnoneeabi/bin/../lib/gcc/arm-none-eabi/7.2.1/../../../../arm-none-eabi/lib/thumb/v7e-m/fpv4-sp/hard\libc_nano.a(lib_a-sf_nan.o)
                0x08004b70                nanf
 .text.sprintf  0x08004b7c       0x40 c:/users/taisu/.platformio/packages/toolchain-gccarmnoneeabi/bin/../lib/gcc/arm-none-eabi/7.2.1/../../../../arm-none-eabi/lib/thumb/v7e-m/fpv4-sp/hard\libc_nano.a(lib_a-sprintf.o)
                0x08004b7c                siprintf
                0x08004b7c                sprintf
 .text.unlikely.sulp
                0x08004bbc       0x38 c:/users/taisu/.platformio/packages/toolchain-gccarmnoneeabi/bin/../lib/gcc/arm-none-eabi/7.2.1/../../../../arm-none-eabi/lib/thumb/v7e-m/fpv4-sp/hard\libc_nano.a(lib_a-strtod.o)
 *fill*         0x08004bf4        0x4 
 .text._strtod_l
                0x08004bf8      0xbe8 c:/users/taisu/.platformio/packages/toolchain-gccarmnoneeabi/bin/../lib/gcc/arm-none-eabi/7.2.1/../../../../arm-none-eabi/lib/thumb/v7e-m/fpv4-sp/hard\libc_nano.a(lib_a-strtod.o)
                0x08004bf8                _strtod_l
 .text._strtod_r
                0x080057e0       0x20 c:/users/taisu/.platformio/packages/toolchain-gccarmnoneeabi/bin/../lib/gcc/arm-none-eabi/7.2.1/../../../../arm-none-eabi/lib/thumb/v7e-m/fpv4-sp/hard\libc_nano.a(lib_a-strtod.o)
                0x080057e0                _strtod_r
 .text._strtol_l.isra.0
                0x08005800       0xf6 c:/users/taisu/.platformio/packages/toolchain-gccarmnoneeabi/bin/../lib/gcc/arm-none-eabi/7.2.1/../../../../arm-none-eabi/lib/thumb/v7e-m/fpv4-sp/hard\libc_nano.a(lib_a-strtol.o)
 *fill*         0x080058f6        0x2 
 .text._strtol_r
                0x080058f8       0x24 c:/users/taisu/.platformio/packages/toolchain-gccarmnoneeabi/bin/../lib/gcc/arm-none-eabi/7.2.1/../../../../arm-none-eabi/lib/thumb/v7e-m/fpv4-sp/hard\libc_nano.a(lib_a-strtol.o)
                0x080058f8                _strtol_r
 .text.quorem   0x0800591c      0x118 c:/users/taisu/.platformio/packages/toolchain-gccarmnoneeabi/bin/../lib/gcc/arm-none-eabi/7.2.1/../../../../arm-none-eabi/lib/thumb/v7e-m/fpv4-sp/hard\libc_nano.a(lib_a-dtoa.o)
 *fill*         0x08005a34        0x4 
 .text._dtoa_r  0x08005a38      0xb70 c:/users/taisu/.platformio/packages/toolchain-gccarmnoneeabi/bin/../lib/gcc/arm-none-eabi/7.2.1/../../../../arm-none-eabi/lib/thumb/v7e-m/fpv4-sp/hard\libc_nano.a(lib_a-dtoa.o)
                0x08005a38                _dtoa_r
 .text.__sflush_r
                0x080065a8      0x10c c:/users/taisu/.platformio/packages/toolchain-gccarmnoneeabi/bin/../lib/gcc/arm-none-eabi/7.2.1/../../../../arm-none-eabi/lib/thumb/v7e-m/fpv4-sp/hard\libc_nano.a(lib_a-fflush.o)
                0x080065a8                __sflush_r
 .text._fflush_r
                0x080066b4       0x54 c:/users/taisu/.platformio/packages/toolchain-gccarmnoneeabi/bin/../lib/gcc/arm-none-eabi/7.2.1/../../../../arm-none-eabi/lib/thumb/v7e-m/fpv4-sp/hard\libc_nano.a(lib_a-fflush.o)
                0x080066b4                _fflush_r
 .text.std      0x08006708       0x48 c:/users/taisu/.platformio/packages/toolchain-gccarmnoneeabi/bin/../lib/gcc/arm-none-eabi/7.2.1/../../../../arm-none-eabi/lib/thumb/v7e-m/fpv4-sp/hard\libc_nano.a(lib_a-findfp.o)
 .text._cleanup_r
                0x08006750        0xc c:/users/taisu/.platformio/packages/toolchain-gccarmnoneeabi/bin/../lib/gcc/arm-none-eabi/7.2.1/../../../../arm-none-eabi/lib/thumb/v7e-m/fpv4-sp/hard\libc_nano.a(lib_a-findfp.o)
                0x08006750                _cleanup_r
 .text.__sfmoreglue
                0x0800675c       0x2c c:/users/taisu/.platformio/packages/toolchain-gccarmnoneeabi/bin/../lib/gcc/arm-none-eabi/7.2.1/../../../../arm-none-eabi/lib/thumb/v7e-m/fpv4-sp/hard\libc_nano.a(lib_a-findfp.o)
                0x0800675c                __sfmoreglue
 .text.__sinit  0x08006788       0x60 c:/users/taisu/.platformio/packages/toolchain-gccarmnoneeabi/bin/../lib/gcc/arm-none-eabi/7.2.1/../../../../arm-none-eabi/lib/thumb/v7e-m/fpv4-sp/hard\libc_nano.a(lib_a-findfp.o)
                0x08006788                __sinit
 .text.__sfp    0x080067e8       0x78 c:/users/taisu/.platformio/packages/toolchain-gccarmnoneeabi/bin/../lib/gcc/arm-none-eabi/7.2.1/../../../../arm-none-eabi/lib/thumb/v7e-m/fpv4-sp/hard\libc_nano.a(lib_a-findfp.o)
                0x080067e8                __sfp
 .text._fwalk_reent
                0x08006860       0x3c c:/users/taisu/.platformio/packages/toolchain-gccarmnoneeabi/bin/../lib/gcc/arm-none-eabi/7.2.1/../../../../arm-none-eabi/lib/thumb/v7e-m/fpv4-sp/hard\libc_nano.a(lib_a-fwalk.o)
                0x08006860                _fwalk_reent
 .text.rshift   0x0800689c       0x74 c:/users/taisu/.platformio/packages/toolchain-gccarmnoneeabi/bin/../lib/gcc/arm-none-eabi/7.2.1/../../../../arm-none-eabi/lib/thumb/v7e-m/fpv4-sp/hard\libc_nano.a(lib_a-gdtoa-gethex.o)
 .text.__hexdig_fun
                0x08006910       0x2a c:/users/taisu/.platformio/packages/toolchain-gccarmnoneeabi/bin/../lib/gcc/arm-none-eabi/7.2.1/../../../../arm-none-eabi/lib/thumb/v7e-m/fpv4-sp/hard\libc_nano.a(lib_a-gdtoa-gethex.o)
                0x08006910                __hexdig_fun
 .text.__gethex
                0x0800693a      0x442 c:/users/taisu/.platformio/packages/toolchain-gccarmnoneeabi/bin/../lib/gcc/arm-none-eabi/7.2.1/../../../../arm-none-eabi/lib/thumb/v7e-m/fpv4-sp/hard\libc_nano.a(lib_a-gdtoa-gethex.o)
                0x0800693a                __gethex
 .text.L_shift  0x08006d7c       0x24 c:/users/taisu/.platformio/packages/toolchain-gccarmnoneeabi/bin/../lib/gcc/arm-none-eabi/7.2.1/../../../../arm-none-eabi/lib/thumb/v7e-m/fpv4-sp/hard\libc_nano.a(lib_a-gdtoa-hexnan.o)
 .text.__match  0x08006da0       0x28 c:/users/taisu/.platformio/packages/toolchain-gccarmnoneeabi/bin/../lib/gcc/arm-none-eabi/7.2.1/../../../../arm-none-eabi/lib/thumb/v7e-m/fpv4-sp/hard\libc_nano.a(lib_a-gdtoa-hexnan.o)
                0x08006da0                __match
 .text.__hexnan
                0x08006dc8      0x120 c:/users/taisu/.platformio/packages/toolchain-gccarmnoneeabi/bin/../lib/gcc/arm-none-eabi/7.2.1/../../../../arm-none-eabi/lib/thumb/v7e-m/fpv4-sp/hard\libc_nano.a(lib_a-gdtoa-hexnan.o)
                0x08006dc8                __hexnan
 .text.__locale_ctype_ptr_l
                0x08006ee8        0x6 c:/users/taisu/.platformio/packages/toolchain-gccarmnoneeabi/bin/../lib/gcc/arm-none-eabi/7.2.1/../../../../arm-none-eabi/lib/thumb/v7e-m/fpv4-sp/hard\libc_nano.a(lib_a-locale.o)
                0x08006ee8                __locale_ctype_ptr_l
 .text.__localeconv_l
                0x08006eee        0x4 c:/users/taisu/.platformio/packages/toolchain-gccarmnoneeabi/bin/../lib/gcc/arm-none-eabi/7.2.1/../../../../arm-none-eabi/lib/thumb/v7e-m/fpv4-sp/hard\libc_nano.a(lib_a-localeconv.o)
                0x08006eee                __localeconv_l
 *fill*         0x08006ef2        0x2 
 .text._localeconv_r
                0x08006ef4       0x1c c:/users/taisu/.platformio/packages/toolchain-gccarmnoneeabi/bin/../lib/gcc/arm-none-eabi/7.2.1/../../../../arm-none-eabi/lib/thumb/v7e-m/fpv4-sp/hard\libc_nano.a(lib_a-localeconv.o)
                0x08006ef4                _localeconv_r
 .text.__swhatbuf_r
                0x08006f10       0x48 c:/users/taisu/.platformio/packages/toolchain-gccarmnoneeabi/bin/../lib/gcc/arm-none-eabi/7.2.1/../../../../arm-none-eabi/lib/thumb/v7e-m/fpv4-sp/hard\libc_nano.a(lib_a-makebuf.o)
                0x08006f10                __swhatbuf_r
 .text.__smakebuf_r
                0x08006f58       0x80 c:/users/taisu/.platformio/packages/toolchain-gccarmnoneeabi/bin/../lib/gcc/arm-none-eabi/7.2.1/../../../../arm-none-eabi/lib/thumb/v7e-m/fpv4-sp/hard\libc_nano.a(lib_a-makebuf.o)
                0x08006f58                __smakebuf_r
 .text.malloc   0x08006fd8       0x10 c:/users/taisu/.platformio/packages/toolchain-gccarmnoneeabi/bin/../lib/gcc/arm-none-eabi/7.2.1/../../../../arm-none-eabi/lib/thumb/v7e-m/fpv4-sp/hard\libc_nano.a(lib_a-malloc.o)
                0x08006fd8                malloc
 .text.__ascii_mbtowc
                0x08006fe8       0x24 c:/users/taisu/.platformio/packages/toolchain-gccarmnoneeabi/bin/../lib/gcc/arm-none-eabi/7.2.1/../../../../arm-none-eabi/lib/thumb/v7e-m/fpv4-sp/hard\libc_nano.a(lib_a-mbtowc_r.o)
                0x08006fe8                __ascii_mbtowc
 .text.memcpy   0x0800700c       0x16 c:/users/taisu/.platformio/packages/toolchain-gccarmnoneeabi/bin/../lib/gcc/arm-none-eabi/7.2.1/../../../../arm-none-eabi/lib/thumb/v7e-m/fpv4-sp/hard\libc_nano.a(lib_a-memcpy-stub.o)
                0x0800700c                memcpy
 .text._Balloc  0x08007022       0x68 c:/users/taisu/.platformio/packages/toolchain-gccarmnoneeabi/bin/../lib/gcc/arm-none-eabi/7.2.1/../../../../arm-none-eabi/lib/thumb/v7e-m/fpv4-sp/hard\libc_nano.a(lib_a-mprec.o)
                0x08007022                _Balloc
 .text._Bfree   0x0800708a       0x2e c:/users/taisu/.platformio/packages/toolchain-gccarmnoneeabi/bin/../lib/gcc/arm-none-eabi/7.2.1/../../../../arm-none-eabi/lib/thumb/v7e-m/fpv4-sp/hard\libc_nano.a(lib_a-mprec.o)
                0x0800708a                _Bfree
 .text.__multadd
                0x080070b8       0x76 c:/users/taisu/.platformio/packages/toolchain-gccarmnoneeabi/bin/../lib/gcc/arm-none-eabi/7.2.1/../../../../arm-none-eabi/lib/thumb/v7e-m/fpv4-sp/hard\libc_nano.a(lib_a-mprec.o)
                0x080070b8                __multadd
 .text.__s2b    0x0800712e       0x7c c:/users/taisu/.platformio/packages/toolchain-gccarmnoneeabi/bin/../lib/gcc/arm-none-eabi/7.2.1/../../../../arm-none-eabi/lib/thumb/v7e-m/fpv4-sp/hard\libc_nano.a(lib_a-mprec.o)
                0x0800712e                __s2b
 .text.__hi0bits
                0x080071aa       0x3e c:/users/taisu/.platformio/packages/toolchain-gccarmnoneeabi/bin/../lib/gcc/arm-none-eabi/7.2.1/../../../../arm-none-eabi/lib/thumb/v7e-m/fpv4-sp/hard\libc_nano.a(lib_a-mprec.o)
                0x080071aa                __hi0bits
 .text.__lo0bits
                0x080071e8       0x5e c:/users/taisu/.platformio/packages/toolchain-gccarmnoneeabi/bin/../lib/gcc/arm-none-eabi/7.2.1/../../../../arm-none-eabi/lib/thumb/v7e-m/fpv4-sp/hard\libc_nano.a(lib_a-mprec.o)
                0x080071e8                __lo0bits
 .text.__i2b    0x08007246       0x12 c:/users/taisu/.platformio/packages/toolchain-gccarmnoneeabi/bin/../lib/gcc/arm-none-eabi/7.2.1/../../../../arm-none-eabi/lib/thumb/v7e-m/fpv4-sp/hard\libc_nano.a(lib_a-mprec.o)
                0x08007246                __i2b
 .text.__multiply
                0x08007258      0x12c c:/users/taisu/.platformio/packages/toolchain-gccarmnoneeabi/bin/../lib/gcc/arm-none-eabi/7.2.1/../../../../arm-none-eabi/lib/thumb/v7e-m/fpv4-sp/hard\libc_nano.a(lib_a-mprec.o)
                0x08007258                __multiply
 .text.__pow5mult
                0x08007384       0x9c c:/users/taisu/.platformio/packages/toolchain-gccarmnoneeabi/bin/../lib/gcc/arm-none-eabi/7.2.1/../../../../arm-none-eabi/lib/thumb/v7e-m/fpv4-sp/hard\libc_nano.a(lib_a-mprec.o)
                0x08007384                __pow5mult
 .text.__lshift
                0x08007420       0xa8 c:/users/taisu/.platformio/packages/toolchain-gccarmnoneeabi/bin/../lib/gcc/arm-none-eabi/7.2.1/../../../../arm-none-eabi/lib/thumb/v7e-m/fpv4-sp/hard\libc_nano.a(lib_a-mprec.o)
                0x08007420                __lshift
 .text.__mcmp   0x080074c8       0x34 c:/users/taisu/.platformio/packages/toolchain-gccarmnoneeabi/bin/../lib/gcc/arm-none-eabi/7.2.1/../../../../arm-none-eabi/lib/thumb/v7e-m/fpv4-sp/hard\libc_nano.a(lib_a-mprec.o)
                0x080074c8                __mcmp
 .text.__mdiff  0x080074fc       0xba c:/users/taisu/.platformio/packages/toolchain-gccarmnoneeabi/bin/../lib/gcc/arm-none-eabi/7.2.1/../../../../arm-none-eabi/lib/thumb/v7e-m/fpv4-sp/hard\libc_nano.a(lib_a-mprec.o)
                0x080074fc                __mdiff
 *fill*         0x080075b6        0x2 
 .text.__ulp    0x080075b8       0x50 c:/users/taisu/.platformio/packages/toolchain-gccarmnoneeabi/bin/../lib/gcc/arm-none-eabi/7.2.1/../../../../arm-none-eabi/lib/thumb/v7e-m/fpv4-sp/hard\libc_nano.a(lib_a-mprec.o)
                0x080075b8                __ulp
 .text.__b2d    0x08007608       0x9c c:/users/taisu/.platformio/packages/toolchain-gccarmnoneeabi/bin/../lib/gcc/arm-none-eabi/7.2.1/../../../../arm-none-eabi/lib/thumb/v7e-m/fpv4-sp/hard\libc_nano.a(lib_a-mprec.o)
                0x08007608                __b2d
 .text.__d2b    0x080076a4       0x9e c:/users/taisu/.platformio/packages/toolchain-gccarmnoneeabi/bin/../lib/gcc/arm-none-eabi/7.2.1/../../../../arm-none-eabi/lib/thumb/v7e-m/fpv4-sp/hard\libc_nano.a(lib_a-mprec.o)
                0x080076a4                __d2b
 .text.__ratio  0x08007742       0x66 c:/users/taisu/.platformio/packages/toolchain-gccarmnoneeabi/bin/../lib/gcc/arm-none-eabi/7.2.1/../../../../arm-none-eabi/lib/thumb/v7e-m/fpv4-sp/hard\libc_nano.a(lib_a-mprec.o)
                0x08007742                __ratio
 .text.__copybits
                0x080077a8       0x34 c:/users/taisu/.platformio/packages/toolchain-gccarmnoneeabi/bin/../lib/gcc/arm-none-eabi/7.2.1/../../../../arm-none-eabi/lib/thumb/v7e-m/fpv4-sp/hard\libc_nano.a(lib_a-mprec.o)
                0x080077a8                __copybits
 .text.__any_on
                0x080077dc       0x42 c:/users/taisu/.platformio/packages/toolchain-gccarmnoneeabi/bin/../lib/gcc/arm-none-eabi/7.2.1/../../../../arm-none-eabi/lib/thumb/v7e-m/fpv4-sp/hard\libc_nano.a(lib_a-mprec.o)
                0x080077dc                __any_on
 .text._calloc_r
                0x0800781e       0x1c c:/users/taisu/.platformio/packages/toolchain-gccarmnoneeabi/bin/../lib/gcc/arm-none-eabi/7.2.1/../../../../arm-none-eabi/lib/thumb/v7e-m/fpv4-sp/hard\libc_nano.a(lib_a-nano-callocr.o)
                0x0800781e                _calloc_r
 *fill*         0x0800783a        0x2 
 .text._free_r  0x0800783c       0x9c c:/users/taisu/.platformio/packages/toolchain-gccarmnoneeabi/bin/../lib/gcc/arm-none-eabi/7.2.1/../../../../arm-none-eabi/lib/thumb/v7e-m/fpv4-sp/hard\libc_nano.a(lib_a-nano-freer.o)
                0x0800783c                _free_r
 .text._malloc_r
                0x080078d8       0xb4 c:/users/taisu/.platformio/packages/toolchain-gccarmnoneeabi/bin/../lib/gcc/arm-none-eabi/7.2.1/../../../../arm-none-eabi/lib/thumb/v7e-m/fpv4-sp/hard\libc_nano.a(lib_a-nano-mallocr.o)
                0x080078d8                _malloc_r
 .text.__ssputs_r
                0x0800798c       0xb4 c:/users/taisu/.platformio/packages/toolchain-gccarmnoneeabi/bin/../lib/gcc/arm-none-eabi/7.2.1/../../../../arm-none-eabi/lib/thumb/v7e-m/fpv4-sp/hard\libc_nano.a(lib_a-nano-svfprintf.o)
                0x0800798c                __ssputs_r
 .text._svfprintf_r
                0x08007a40      0x1ec c:/users/taisu/.platformio/packages/toolchain-gccarmnoneeabi/bin/../lib/gcc/arm-none-eabi/7.2.1/../../../../arm-none-eabi/lib/thumb/v7e-m/fpv4-sp/hard\libc_nano.a(lib_a-nano-svfprintf.o)
                0x08007a40                _svfiprintf_r
                0x08007a40                _svfprintf_r
 .text.__sfputc_r
                0x08007c2c       0x2e c:/users/taisu/.platformio/packages/toolchain-gccarmnoneeabi/bin/../lib/gcc/arm-none-eabi/7.2.1/../../../../arm-none-eabi/lib/thumb/v7e-m/fpv4-sp/hard\libc_nano.a(lib_a-nano-vfprintf.o)
 .text.__sfputs_r
                0x08007c5a       0x24 c:/users/taisu/.platformio/packages/toolchain-gccarmnoneeabi/bin/../lib/gcc/arm-none-eabi/7.2.1/../../../../arm-none-eabi/lib/thumb/v7e-m/fpv4-sp/hard\libc_nano.a(lib_a-nano-vfprintf.o)
                0x08007c5a                __sfputs_r
 *fill*         0x08007c7e        0x2 
 .text._vfprintf_r
                0x08007c80      0x228 c:/users/taisu/.platformio/packages/toolchain-gccarmnoneeabi/bin/../lib/gcc/arm-none-eabi/7.2.1/../../../../arm-none-eabi/lib/thumb/v7e-m/fpv4-sp/hard\libc_nano.a(lib_a-nano-vfprintf.o)
                0x08007c80                _vfprintf_r
                0x08007c80                _vfiprintf_r
 .text._sbrk_r  0x08007ea8       0x20 c:/users/taisu/.platformio/packages/toolchain-gccarmnoneeabi/bin/../lib/gcc/arm-none-eabi/7.2.1/../../../../arm-none-eabi/lib/thumb/v7e-m/fpv4-sp/hard\libc_nano.a(lib_a-sbrkr.o)
                0x08007ea8                _sbrk_r
 .text.__sread  0x08007ec8       0x22 c:/users/taisu/.platformio/packages/toolchain-gccarmnoneeabi/bin/../lib/gcc/arm-none-eabi/7.2.1/../../../../arm-none-eabi/lib/thumb/v7e-m/fpv4-sp/hard\libc_nano.a(lib_a-stdio.o)
                0x08007ec8                __sread
 .text.__swrite
                0x08007eea       0x38 c:/users/taisu/.platformio/packages/toolchain-gccarmnoneeabi/bin/../lib/gcc/arm-none-eabi/7.2.1/../../../../arm-none-eabi/lib/thumb/v7e-m/fpv4-sp/hard\libc_nano.a(lib_a-stdio.o)
                0x08007eea                __swrite
 .text.__sseek  0x08007f22       0x24 c:/users/taisu/.platformio/packages/toolchain-gccarmnoneeabi/bin/../lib/gcc/arm-none-eabi/7.2.1/../../../../arm-none-eabi/lib/thumb/v7e-m/fpv4-sp/hard\libc_nano.a(lib_a-stdio.o)
                0x08007f22                __sseek
 .text.__sclose
                0x08007f46        0x8 c:/users/taisu/.platformio/packages/toolchain-gccarmnoneeabi/bin/../lib/gcc/arm-none-eabi/7.2.1/../../../../arm-none-eabi/lib/thumb/v7e-m/fpv4-sp/hard\libc_nano.a(lib_a-stdio.o)
                0x08007f46                __sclose
 .text.strncmp  0x08007f4e       0x24 c:/users/taisu/.platformio/packages/toolchain-gccarmnoneeabi/bin/../lib/gcc/arm-none-eabi/7.2.1/../../../../arm-none-eabi/lib/thumb/v7e-m/fpv4-sp/hard\libc_nano.a(lib_a-strncmp.o)
                0x08007f4e                strncmp
 *fill*         0x08007f72        0x2 
 .text.__swbuf_r
                0x08007f74       0xa4 c:/users/taisu/.platformio/packages/toolchain-gccarmnoneeabi/bin/../lib/gcc/arm-none-eabi/7.2.1/../../../../arm-none-eabi/lib/thumb/v7e-m/fpv4-sp/hard\libc_nano.a(lib_a-wbuf.o)
                0x08007f74                __swbuf_r
 .text.__ascii_wctomb
                0x08008018       0x1a c:/users/taisu/.platformio/packages/toolchain-gccarmnoneeabi/bin/../lib/gcc/arm-none-eabi/7.2.1/../../../../arm-none-eabi/lib/thumb/v7e-m/fpv4-sp/hard\libc_nano.a(lib_a-wctomb_r.o)
                0x08008018                __ascii_wctomb
 *fill*         0x08008032        0x2 
 .text._write_r
                0x08008034       0x24 c:/users/taisu/.platformio/packages/toolchain-gccarmnoneeabi/bin/../lib/gcc/arm-none-eabi/7.2.1/../../../../arm-none-eabi/lib/thumb/v7e-m/fpv4-sp/hard\libc_nano.a(lib_a-writer.o)
                0x08008034                _write_r
 .text.__swsetup_r
                0x08008058       0xdc c:/users/taisu/.platformio/packages/toolchain-gccarmnoneeabi/bin/../lib/gcc/arm-none-eabi/7.2.1/../../../../arm-none-eabi/lib/thumb/v7e-m/fpv4-sp/hard\libc_nano.a(lib_a-wsetup.o)
                0x08008058                __swsetup_r
 .text._close_r
                0x08008134       0x20 c:/users/taisu/.platformio/packages/toolchain-gccarmnoneeabi/bin/../lib/gcc/arm-none-eabi/7.2.1/../../../../arm-none-eabi/lib/thumb/v7e-m/fpv4-sp/hard\libc_nano.a(lib_a-closer.o)
                0x08008134                _close_r
 .text._fstat_r
                0x08008154       0x24 c:/users/taisu/.platformio/packages/toolchain-gccarmnoneeabi/bin/../lib/gcc/arm-none-eabi/7.2.1/../../../../arm-none-eabi/lib/thumb/v7e-m/fpv4-sp/hard\libc_nano.a(lib_a-fstatr.o)
                0x08008154                _fstat_r
 .text._isatty_r
                0x08008178       0x20 c:/users/taisu/.platformio/packages/toolchain-gccarmnoneeabi/bin/../lib/gcc/arm-none-eabi/7.2.1/../../../../arm-none-eabi/lib/thumb/v7e-m/fpv4-sp/hard\libc_nano.a(lib_a-isattyr.o)
                0x08008178                _isatty_r
 .text._lseek_r
                0x08008198       0x24 c:/users/taisu/.platformio/packages/toolchain-gccarmnoneeabi/bin/../lib/gcc/arm-none-eabi/7.2.1/../../../../arm-none-eabi/lib/thumb/v7e-m/fpv4-sp/hard\libc_nano.a(lib_a-lseekr.o)
                0x08008198                _lseek_r
 .text.memmove  0x080081bc       0x32 c:/users/taisu/.platformio/packages/toolchain-gccarmnoneeabi/bin/../lib/gcc/arm-none-eabi/7.2.1/../../../../arm-none-eabi/lib/thumb/v7e-m/fpv4-sp/hard\libc_nano.a(lib_a-memmove.o)
                0x080081bc                memmove
 .text.__malloc_lock
                0x080081ee        0x2 c:/users/taisu/.platformio/packages/toolchain-gccarmnoneeabi/bin/../lib/gcc/arm-none-eabi/7.2.1/../../../../arm-none-eabi/lib/thumb/v7e-m/fpv4-sp/hard\libc_nano.a(lib_a-mlock.o)
                0x080081ee                __malloc_lock
 .text.__malloc_unlock
                0x080081f0        0x2 c:/users/taisu/.platformio/packages/toolchain-gccarmnoneeabi/bin/../lib/gcc/arm-none-eabi/7.2.1/../../../../arm-none-eabi/lib/thumb/v7e-m/fpv4-sp/hard\libc_nano.a(lib_a-mlock.o)
                0x080081f0                __malloc_unlock
 .text._realloc_r
                0x080081f2       0x4c c:/users/taisu/.platformio/packages/toolchain-gccarmnoneeabi/bin/../lib/gcc/arm-none-eabi/7.2.1/../../../../arm-none-eabi/lib/thumb/v7e-m/fpv4-sp/hard\libc_nano.a(lib_a-nano-reallocr.o)
                0x080081f2                _realloc_r
 *fill*         0x0800823e        0x2 
 .text._read_r  0x08008240       0x24 c:/users/taisu/.platformio/packages/toolchain-gccarmnoneeabi/bin/../lib/gcc/arm-none-eabi/7.2.1/../../../../arm-none-eabi/lib/thumb/v7e-m/fpv4-sp/hard\libc_nano.a(lib_a-readr.o)
                0x08008240                _read_r
 .text._malloc_usable_size_r
                0x08008264       0x10 c:/users/taisu/.platformio/packages/toolchain-gccarmnoneeabi/bin/../lib/gcc/arm-none-eabi/7.2.1/../../../../arm-none-eabi/lib/thumb/v7e-m/fpv4-sp/hard\libc_nano.a(lib_a-nano-msizer.o)
                0x08008264                _malloc_usable_size_r
 .text.Reset_Handler
                0x08008274       0x50 .pio\build\nucleo_g474re\libFrameworkCMSISDevice.a(startup_stm32g474xx.o)
                0x08008274                Reset_Handler
 .text.Default_Handler
                0x080082c4        0x2 .pio\build\nucleo_g474re\libFrameworkCMSISDevice.a(startup_stm32g474xx.o)
                0x080082c4                RTC_Alarm_IRQHandler
                0x080082c4                EXTI2_IRQHandler
                0x080082c4                TIM8_TRG_COM_IRQHandler
                0x080082c4                TIM8_CC_IRQHandler
                0x080082c4                HRTIM1_Master_IRQHandler
                0x080082c4                SPI4_IRQHandler
                0x080082c4                FDCAN3_IT0_IRQHandler
                0x080082c4                TIM1_CC_IRQHandler
                0x080082c4                HRTIM1_FLT_IRQHandler
                0x080082c4                HRTIM1_TIMF_IRQHandler
                0x080082c4                USB_HP_IRQHandler
                0x080082c4                CORDIC_IRQHandler
                0x080082c4                HRTIM1_TIMD_IRQHandler
                0x080082c4                DMA2_Channel8_IRQHandler
                0x080082c4                EXTI3_IRQHandler
                0x080082c4                I2C3_ER_IRQHandler
                0x080082c4                EXTI0_IRQHandler
                0x080082c4                I2C2_EV_IRQHandler
                0x080082c4                FPU_IRQHandler
                0x080082c4                FDCAN1_IT1_IRQHandler
                0x080082c4                TIM1_UP_TIM16_IRQHandler
                0x080082c4                ADC1_2_IRQHandler
                0x080082c4                HRTIM1_TIME_IRQHandler
                0x080082c4                SPI1_IRQHandler
                0x080082c4                TIM6_DAC_IRQHandler
                0x080082c4                HRTIM1_TIMC_IRQHandler
                0x080082c4                TIM8_UP_IRQHandler
                0x080082c4                DMA2_Channel2_IRQHandler
                0x080082c4                DMA1_Channel4_IRQHandler
                0x080082c4                TIM20_TRG_COM_IRQHandler
                0x080082c4                USART3_IRQHandler
                0x080082c4                DMA1_Channel7_IRQHandler
                0x080082c4                UART5_IRQHandler
                0x080082c4                ADC3_IRQHandler
                0x080082c4                TIM4_IRQHandler
                0x080082c4                DMA2_Channel1_IRQHandler
                0x080082c4                QUADSPI_IRQHandler
                0x080082c4                I2C1_EV_IRQHandler
                0x080082c4                DMA1_Channel6_IRQHandler
                0x080082c4                UART4_IRQHandler
                0x080082c4                DMA2_Channel4_IRQHandler
                0x080082c4                TIM3_IRQHandler
                0x080082c4                RCC_IRQHandler
                0x080082c4                TIM20_UP_IRQHandler
                0x080082c4                DMA1_Channel1_IRQHandler
                0x080082c4                Default_Handler
                0x080082c4                DMA2_Channel7_IRQHandler
                0x080082c4                RTC_TAMP_LSECSS_IRQHandler
                0x080082c4                FMAC_IRQHandler
                0x080082c4                DMA1_Channel8_IRQHandler
                0x080082c4                HRTIM1_TIMA_IRQHandler
                0x080082c4                TIM7_DAC_IRQHandler
                0x080082c4                FDCAN3_IT1_IRQHandler
                0x080082c4                TIM5_IRQHandler
                0x080082c4                UCPD1_IRQHandler
                0x080082c4                I2C3_EV_IRQHandler
                0x080082c4                EXTI9_5_IRQHandler
                0x080082c4                RTC_WKUP_IRQHandler
                0x080082c4                PVD_PVM_IRQHandler
                0x080082c4                SPI2_IRQHandler
                0x080082c4                ADC5_IRQHandler
                0x080082c4                DMA2_Channel5_IRQHandler
                0x080082c4                CRS_IRQHandler
                0x080082c4                DMA1_Channel5_IRQHandler
                0x080082c4                USB_LP_IRQHandler
                0x080082c4                EXTI4_IRQHandler
                0x080082c4                RNG_IRQHandler
                0x080082c4                HRTIM1_TIMB_IRQHandler
                0x080082c4                TIM1_TRG_COM_TIM17_IRQHandler
                0x080082c4                FDCAN2_IT1_IRQHandler
                0x080082c4                DMA1_Channel3_IRQHandler
                0x080082c4                ADC4_IRQHandler
                0x080082c4                WWDG_IRQHandler
                0x080082c4                I2C4_EV_IRQHandler
                0x080082c4                FDCAN2_IT0_IRQHandler
                0x080082c4                DMA2_Channel6_IRQHandler
                0x080082c4                FDCAN1_IT0_IRQHandler
                0x080082c4                COMP7_IRQHandler
                0x080082c4                COMP1_2_3_IRQHandler
                0x080082c4                EXTI1_IRQHandler
                0x080082c4                USART2_IRQHandler
                0x080082c4                COMP4_5_6_IRQHandler
                0x080082c4                TIM20_BRK_IRQHandler
                0x080082c4                I2C2_ER_IRQHandler
                0x080082c4                DMA1_Channel2_IRQHandler
                0x080082c4                TIM8_BRK_IRQHandler
                0x080082c4                FLASH_IRQHandler
                0x080082c4                TIM20_CC_IRQHandler
                0x080082c4                USART1_IRQHandler
                0x080082c4                SPI3_IRQHandler
                0x080082c4                I2C1_ER_IRQHandler
                0x080082c4                FMC_IRQHandler
                0x080082c4                LPTIM1_IRQHandler
                0x080082c4                DMAMUX_OVR_IRQHandler
                0x080082c4                I2C4_ER_IRQHandler
                0x080082c4                USBWakeUp_IRQHandler
                0x080082c4                SAI1_IRQHandler
                0x080082c4                DMA2_Channel3_IRQHandler
                0x080082c4                TIM1_BRK_TIM15_IRQHandler
 *(.glue_7)
 .glue_7        0x080082c6        0x0 linker stubs
 *(.glue_7t)
 .glue_7t       0x080082c6        0x0 linker stubs
 *(.eh_frame)
 *fill*         0x080082c6        0x2 
 .eh_frame      0x080082c8        0x0 c:/users/taisu/.platformio/packages/toolchain-gccarmnoneeabi/bin/../lib/gcc/arm-none-eabi/7.2.1/thumb/v7e-m/fpv4-sp/hard/crtbegin.o
 *(.init)
 .init          0x080082c8        0x4 c:/users/taisu/.platformio/packages/toolchain-gccarmnoneeabi/bin/../lib/gcc/arm-none-eabi/7.2.1/thumb/v7e-m/fpv4-sp/hard/crti.o
                0x080082c8                _init
 .init          0x080082cc        0x8 c:/users/taisu/.platformio/packages/toolchain-gccarmnoneeabi/bin/../lib/gcc/arm-none-eabi/7.2.1/thumb/v7e-m/fpv4-sp/hard/crtn.o
 *(.fini)
 .fini          0x080082d4        0x4 c:/users/taisu/.platformio/packages/toolchain-gccarmnoneeabi/bin/../lib/gcc/arm-none-eabi/7.2.1/thumb/v7e-m/fpv4-sp/hard/crti.o
                0x080082d4                _fini
 .fini          0x080082d8        0x8 c:/users/taisu/.platformio/packages/toolchain-gccarmnoneeabi/bin/../lib/gcc/arm-none-eabi/7.2.1/thumb/v7e-m/fpv4-sp/hard/crtn.o
                0x080082e0                . = ALIGN (0x4)
                0x080082e0                _etext = .

.vfp11_veneer   0x080082e0        0x0
 .vfp11_veneer  0x080082e0        0x0 linker stubs

.v4_bx          0x080082e0        0x0
 .v4_bx         0x080082e0        0x0 linker stubs

.iplt           0x080082e0        0x0
 .iplt          0x080082e0        0x0 c:/users/taisu/.platformio/packages/toolchain-gccarmnoneeabi/bin/../lib/gcc/arm-none-eabi/7.2.1/thumb/v7e-m/fpv4-sp/hard/crtbegin.o

.rodata         0x080082e0      0x370
                0x080082e0                . = ALIGN (0x4)
 *(.rodata)
 *(.rodata*)
 .rodata.UARTPrescTable
                0x080082e0       0x18 .pio\build\nucleo_g474re\FrameworkHALDriver\Src\stm32g4xx_hal_uart.o
                0x080082e0                UARTPrescTable
 .rodata.denominator.13479
                0x080082f8        0x8 .pio\build\nucleo_g474re\FrameworkHALDriver\Src\stm32g4xx_hal_uart_ex.o
 .rodata.numerator.13478
                0x08008300        0x8 .pio\build\nucleo_g474re\FrameworkHALDriver\Src\stm32g4xx_hal_uart_ex.o
 .rodata.main.str1.4
                0x08008308        0xc .pio\build\nucleo_g474re\src\main.o
                                  0xa (size before relaxing)
 .rodata.AHBPrescTable
                0x08008314       0x10 .pio\build\nucleo_g474re\src\system_stm32g4xx.o
                0x08008314                AHBPrescTable
 .rodata.APBPrescTable
                0x08008324        0x8 .pio\build\nucleo_g474re\src\system_stm32g4xx.o
                0x08008324                APBPrescTable
 .rodata._global_impure_ptr
                0x0800832c        0x4 c:/users/taisu/.platformio/packages/toolchain-gccarmnoneeabi/bin/../lib/gcc/arm-none-eabi/7.2.1/../../../../arm-none-eabi/lib/thumb/v7e-m/fpv4-sp/hard\libc_nano.a(lib_a-impure.o)
                0x0800832c                _global_impure_ptr
 .rodata._printf_float.str1.1
                0x08008330       0x12 c:/users/taisu/.platformio/packages/toolchain-gccarmnoneeabi/bin/../lib/gcc/arm-none-eabi/7.2.1/../../../../arm-none-eabi/lib/thumb/v7e-m/fpv4-sp/hard\libc_nano.a(lib_a-nano-vfprintf_float.o)
 .rodata._printf_i.str1.1
                0x08008342       0x22 c:/users/taisu/.platformio/packages/toolchain-gccarmnoneeabi/bin/../lib/gcc/arm-none-eabi/7.2.1/../../../../arm-none-eabi/lib/thumb/v7e-m/fpv4-sp/hard\libc_nano.a(lib_a-nano-vfprintf_i.o)
 .rodata._scanf_float.str1.1
                0x08008364        0x5 c:/users/taisu/.platformio/packages/toolchain-gccarmnoneeabi/bin/../lib/gcc/arm-none-eabi/7.2.1/../../../../arm-none-eabi/lib/thumb/v7e-m/fpv4-sp/hard\libc_nano.a(lib_a-nano-vfscanf_float.o)
 .rodata._strtod_l.str1.1
                0x08008369        0x5 c:/users/taisu/.platformio/packages/toolchain-gccarmnoneeabi/bin/../lib/gcc/arm-none-eabi/7.2.1/../../../../arm-none-eabi/lib/thumb/v7e-m/fpv4-sp/hard\libc_nano.a(lib_a-strtod.o)
                                  0xc (size before relaxing)
 *fill*         0x08008369        0x3 
 .rodata.fpi.7431
                0x0800836c       0x14 c:/users/taisu/.platformio/packages/toolchain-gccarmnoneeabi/bin/../lib/gcc/arm-none-eabi/7.2.1/../../../../arm-none-eabi/lib/thumb/v7e-m/fpv4-sp/hard\libc_nano.a(lib_a-strtod.o)
 .rodata.fpinan.7467
                0x08008380       0x14 c:/users/taisu/.platformio/packages/toolchain-gccarmnoneeabi/bin/../lib/gcc/arm-none-eabi/7.2.1/../../../../arm-none-eabi/lib/thumb/v7e-m/fpv4-sp/hard\libc_nano.a(lib_a-strtod.o)
 *fill*         0x08008394        0x4 
 .rodata.tinytens
                0x08008398       0x28 c:/users/taisu/.platformio/packages/toolchain-gccarmnoneeabi/bin/../lib/gcc/arm-none-eabi/7.2.1/../../../../arm-none-eabi/lib/thumb/v7e-m/fpv4-sp/hard\libc_nano.a(lib_a-strtod.o)
 .rodata._dtoa_r.str1.1
                0x080083c0        0xd c:/users/taisu/.platformio/packages/toolchain-gccarmnoneeabi/bin/../lib/gcc/arm-none-eabi/7.2.1/../../../../arm-none-eabi/lib/thumb/v7e-m/fpv4-sp/hard\libc_nano.a(lib_a-dtoa.o)
                                  0xf (size before relaxing)
 *fill*         0x080083cd        0x3 
 .rodata.__sf_fake_stderr
                0x080083d0       0x20 c:/users/taisu/.platformio/packages/toolchain-gccarmnoneeabi/bin/../lib/gcc/arm-none-eabi/7.2.1/../../../../arm-none-eabi/lib/thumb/v7e-m/fpv4-sp/hard\libc_nano.a(lib_a-findfp.o)
                0x080083d0                __sf_fake_stderr
 .rodata.__sf_fake_stdin
                0x080083f0       0x20 c:/users/taisu/.platformio/packages/toolchain-gccarmnoneeabi/bin/../lib/gcc/arm-none-eabi/7.2.1/../../../../arm-none-eabi/lib/thumb/v7e-m/fpv4-sp/hard\libc_nano.a(lib_a-findfp.o)
                0x080083f0                __sf_fake_stdin
 .rodata.__sf_fake_stdout
                0x08008410       0x20 c:/users/taisu/.platformio/packages/toolchain-gccarmnoneeabi/bin/../lib/gcc/arm-none-eabi/7.2.1/../../../../arm-none-eabi/lib/thumb/v7e-m/fpv4-sp/hard\libc_nano.a(lib_a-findfp.o)
                0x08008410                __sf_fake_stdout
 .rodata._setlocale_r.str1.1
                0x08008430        0x8 c:/users/taisu/.platformio/packages/toolchain-gccarmnoneeabi/bin/../lib/gcc/arm-none-eabi/7.2.1/../../../../arm-none-eabi/lib/thumb/v7e-m/fpv4-sp/hard\libc_nano.a(lib_a-locale.o)
                                  0x9 (size before relaxing)
 .rodata.str1.1
                0x08008438        0x2 c:/users/taisu/.platformio/packages/toolchain-gccarmnoneeabi/bin/../lib/gcc/arm-none-eabi/7.2.1/../../../../arm-none-eabi/lib/thumb/v7e-m/fpv4-sp/hard\libc_nano.a(lib_a-locale.o)
 *fill*         0x0800843a        0x6 
 .rodata.__mprec_bigtens
                0x08008440       0x28 c:/users/taisu/.platformio/packages/toolchain-gccarmnoneeabi/bin/../lib/gcc/arm-none-eabi/7.2.1/../../../../arm-none-eabi/lib/thumb/v7e-m/fpv4-sp/hard\libc_nano.a(lib_a-mprec.o)
                0x08008440                __mprec_bigtens
 .rodata.__mprec_tens
                0x08008468       0xc8 c:/users/taisu/.platformio/packages/toolchain-gccarmnoneeabi/bin/../lib/gcc/arm-none-eabi/7.2.1/../../../../arm-none-eabi/lib/thumb/v7e-m/fpv4-sp/hard\libc_nano.a(lib_a-mprec.o)
                0x08008468                __mprec_tens
 .rodata.p05.7359
                0x08008530        0xc c:/users/taisu/.platformio/packages/toolchain-gccarmnoneeabi/bin/../lib/gcc/arm-none-eabi/7.2.1/../../../../arm-none-eabi/lib/thumb/v7e-m/fpv4-sp/hard\libc_nano.a(lib_a-mprec.o)
 .rodata._svfprintf_r.str1.1
                0x0800853c       0x11 c:/users/taisu/.platformio/packages/toolchain-gccarmnoneeabi/bin/../lib/gcc/arm-none-eabi/7.2.1/../../../../arm-none-eabi/lib/thumb/v7e-m/fpv4-sp/hard\libc_nano.a(lib_a-nano-svfprintf.o)
 .rodata._vfprintf_r.str1.1
                0x0800854d       0x11 c:/users/taisu/.platformio/packages/toolchain-gccarmnoneeabi/bin/../lib/gcc/arm-none-eabi/7.2.1/../../../../arm-none-eabi/lib/thumb/v7e-m/fpv4-sp/hard\libc_nano.a(lib_a-nano-vfprintf.o)
 .rodata._ctype_
                0x0800854d      0x101 c:/users/taisu/.platformio/packages/toolchain-gccarmnoneeabi/bin/../lib/gcc/arm-none-eabi/7.2.1/../../../../arm-none-eabi/lib/thumb/v7e-m/fpv4-sp/hard\libc_nano.a(lib_a-ctype_.o)
                0x0800854d                _ctype_
                0x08008650                . = ALIGN (0x4)
 *fill*         0x0800864e        0x2 

.ARM.extab
 *(.ARM.extab* .gnu.linkonce.armextab.*)

.ARM            0x08008650        0x8
                0x08008650                __exidx_start = .
 *(.ARM.exidx*)
 .ARM.exidx     0x08008650        0x8 c:/users/taisu/.platformio/packages/toolchain-gccarmnoneeabi/bin/../lib/gcc/arm-none-eabi/7.2.1/thumb/v7e-m/fpv4-sp/hard\libgcc.a(_udivmoddi4.o)
                0x08008658                __exidx_end = .

.rel.dyn        0x08008658        0x0
 .rel.iplt      0x08008658        0x0 c:/users/taisu/.platformio/packages/toolchain-gccarmnoneeabi/bin/../lib/gcc/arm-none-eabi/7.2.1/thumb/v7e-m/fpv4-sp/hard/crtbegin.o

.preinit_array  0x08008658        0x0
                0x08008658                PROVIDE (__preinit_array_start, .)
 *(.preinit_array*)
                0x08008658                PROVIDE (__preinit_array_end, .)

.init_array     0x08008658        0x4
                0x08008658                PROVIDE (__init_array_start, .)
 *(SORT_BY_NAME(.init_array.*))
 *(.init_array*)
 .init_array    0x08008658        0x4 c:/users/taisu/.platformio/packages/toolchain-gccarmnoneeabi/bin/../lib/gcc/arm-none-eabi/7.2.1/thumb/v7e-m/fpv4-sp/hard/crtbegin.o
                0x0800865c                PROVIDE (__init_array_end, .)

.fini_array     0x0800865c        0x4
                [!provide]                PROVIDE (__fini_array_start, .)
 *(SORT_BY_NAME(.fini_array.*))
 *(.fini_array*)
 .fini_array    0x0800865c        0x4 c:/users/taisu/.platformio/packages/toolchain-gccarmnoneeabi/bin/../lib/gcc/arm-none-eabi/7.2.1/thumb/v7e-m/fpv4-sp/hard/crtbegin.o
                [!provide]                PROVIDE (__fini_array_end, .)
                0x08008660                _sidata = LOADADDR (.data)

.data           0x20000000      0x1dc load address 0x08008660
                0x20000000                . = ALIGN (0x4)
                0x20000000                _sdata = .
 *(.data)
 *(.data*)
 .data.uwTickFreq
                0x20000000        0x4 .pio\build\nucleo_g474re\FrameworkHALDriver\Src\stm32g4xx_hal.o
                0x20000000                uwTickFreq
 .data.uwTickPrio
                0x20000004        0x4 .pio\build\nucleo_g474re\FrameworkHALDriver\Src\stm32g4xx_hal.o
                0x20000004                uwTickPrio
 .data.SystemCoreClock
                0x20000008        0x4 .pio\build\nucleo_g474re\src\system_stm32g4xx.o
                0x20000008                SystemCoreClock
 .data._impure_ptr
                0x2000000c        0x4 c:/users/taisu/.platformio/packages/toolchain-gccarmnoneeabi/bin/../lib/gcc/arm-none-eabi/7.2.1/../../../../arm-none-eabi/lib/thumb/v7e-m/fpv4-sp/hard\libc_nano.a(lib_a-impure.o)
                0x2000000c                _impure_ptr
 .data.impure_data
                0x20000010       0x60 c:/users/taisu/.platformio/packages/toolchain-gccarmnoneeabi/bin/../lib/gcc/arm-none-eabi/7.2.1/../../../../arm-none-eabi/lib/thumb/v7e-m/fpv4-sp/hard\libc_nano.a(lib_a-impure.o)
 .data.__global_locale
                0x20000070      0x16c c:/users/taisu/.platformio/packages/toolchain-gccarmnoneeabi/bin/../lib/gcc/arm-none-eabi/7.2.1/../../../../arm-none-eabi/lib/thumb/v7e-m/fpv4-sp/hard\libc_nano.a(lib_a-locale.o)
                0x20000070                __global_locale
                0x200001dc                . = ALIGN (0x4)
                0x200001dc                _edata = .

.igot.plt       0x200001dc        0x0 load address 0x0800883c
 .igot.plt      0x200001dc        0x0 c:/users/taisu/.platformio/packages/toolchain-gccarmnoneeabi/bin/../lib/gcc/arm-none-eabi/7.2.1/thumb/v7e-m/fpv4-sp/hard/crtbegin.o
                0x200001dc                . = ALIGN (0x4)

.bss            0x200001dc      0x1b0 load address 0x0800883c
                0x200001dc                _sbss = .
                0x200001dc                __bss_start__ = _sbss
 *(.bss)
 .bss           0x200001dc       0x1c c:/users/taisu/.platformio/packages/toolchain-gccarmnoneeabi/bin/../lib/gcc/arm-none-eabi/7.2.1/thumb/v7e-m/fpv4-sp/hard/crtbegin.o
 *(.bss*)
 .bss.gu16_TIM2_OVC
                0x200001f8        0x2 .pio\build\nucleo_g474re\src\main.o
                0x200001f8                gu16_TIM2_OVC
 .bss.gu32_Freq
                0x200001fa        0x1 .pio\build\nucleo_g474re\src\main.o
                0x200001fa                gu32_Freq
 *fill*         0x200001fb        0x1 
 .bss.gu32_T1   0x200001fc        0x4 .pio\build\nucleo_g474re\src\main.o
                0x200001fc                gu32_T1
 .bss.gu32_T2   0x20000200        0x4 .pio\build\nucleo_g474re\src\main.o
                0x20000200                gu32_T2
 .bss.gu32_Ticks
                0x20000204        0x4 .pio\build\nucleo_g474re\src\main.o
                0x20000204                gu32_Ticks
 .bss.gu8_State
                0x20000208        0x1 .pio\build\nucleo_g474re\src\main.o
                0x20000208                gu8_State
 *fill*         0x20000209        0x3 
 .bss.heap_end.7244
                0x2000020c        0x4 .pio\build\nucleo_g474re\src\syscalls.o
 .bss.__malloc_free_list
                0x20000210        0x4 c:/users/taisu/.platformio/packages/toolchain-gccarmnoneeabi/bin/../lib/gcc/arm-none-eabi/7.2.1/../../../../arm-none-eabi/lib/thumb/v7e-m/fpv4-sp/hard\libc_nano.a(lib_a-nano-mallocr.o)
                0x20000210                __malloc_free_list
 .bss.__malloc_sbrk_start
                0x20000214        0x4 c:/users/taisu/.platformio/packages/toolchain-gccarmnoneeabi/bin/../lib/gcc/arm-none-eabi/7.2.1/../../../../arm-none-eabi/lib/thumb/v7e-m/fpv4-sp/hard\libc_nano.a(lib_a-nano-mallocr.o)
                0x20000214                __malloc_sbrk_start
 *(COMMON)
 COMMON         0x20000218        0x4 .pio\build\nucleo_g474re\FrameworkHALDriver\Src\stm32g4xx_hal.o
                0x20000218                uwTick
 COMMON         0x2000021c       0xdc .pio\build\nucleo_g474re\src\main.o
                0x2000021c                huart1
                0x200002ac                htim2
 COMMON         0x200002f8       0x90 .pio\build\nucleo_g474re\src\usart.o
                0x200002f8                hlpuart1
 COMMON         0x20000388        0x4 c:/users/taisu/.platformio/packages/toolchain-gccarmnoneeabi/bin/../lib/gcc/arm-none-eabi/7.2.1/../../../../arm-none-eabi/lib/thumb/v7e-m/fpv4-sp/hard\libc_nano.a(lib_a-reent.o)
                0x20000388                errno
                0x2000038c                . = ALIGN (0x4)
                0x2000038c                _ebss = .
                0x2000038c                __bss_end__ = _ebss

._user_heap_stack
                0x2000038c      0x604 load address 0x0800883c
                0x20000390                . = ALIGN (0x8)
 *fill*         0x2000038c        0x4 
                0x20000390                PROVIDE (end, .)
                [!provide]                PROVIDE (_end, .)
                0x20000590                . = (. + _Min_Heap_Size)
 *fill*         0x20000390      0x200 
                0x20000990                . = (. + _Min_Stack_Size)
 *fill*         0x20000590      0x400 
                0x20000990                . = ALIGN (0x8)

/DISCARD/
 libc.a(*)
 libm.a(*)
 libgcc.a(*)

.ARM.attributes
                0x00000000       0x30
 *(.ARM.attributes)
 .ARM.attributes
                0x00000000       0x22 c:/users/taisu/.platformio/packages/toolchain-gccarmnoneeabi/bin/../lib/gcc/arm-none-eabi/7.2.1/thumb/v7e-m/fpv4-sp/hard/crti.o
 .ARM.attributes
                0x00000022       0x34 c:/users/taisu/.platformio/packages/toolchain-gccarmnoneeabi/bin/../lib/gcc/arm-none-eabi/7.2.1/thumb/v7e-m/fpv4-sp/hard/crtbegin.o
 .ARM.attributes
                0x00000056       0x39 .pio\build\nucleo_g474re\FrameworkHALDriver\Src\stm32g4xx_hal.o
 .ARM.attributes
                0x0000008f       0x39 .pio\build\nucleo_g474re\FrameworkHALDriver\Src\stm32g4xx_hal_cortex.o
 .ARM.attributes
                0x000000c8       0x39 .pio\build\nucleo_g474re\FrameworkHALDriver\Src\stm32g4xx_hal_dma.o
 .ARM.attributes
                0x00000101       0x39 .pio\build\nucleo_g474re\FrameworkHALDriver\Src\stm32g4xx_hal_gpio.o
 .ARM.attributes
                0x0000013a       0x39 .pio\build\nucleo_g474re\FrameworkHALDriver\Src\stm32g4xx_hal_pwr_ex.o
 .ARM.attributes
                0x00000173       0x39 .pio\build\nucleo_g474re\FrameworkHALDriver\Src\stm32g4xx_hal_rcc.o
 .ARM.attributes
                0x000001ac       0x39 .pio\build\nucleo_g474re\FrameworkHALDriver\Src\stm32g4xx_hal_rcc_ex.o
 .ARM.attributes
                0x000001e5       0x39 .pio\build\nucleo_g474re\FrameworkHALDriver\Src\stm32g4xx_hal_tim.o
 .ARM.attributes
                0x0000021e       0x39 .pio\build\nucleo_g474re\FrameworkHALDriver\Src\stm32g4xx_hal_tim_ex.o
 .ARM.attributes
                0x00000257       0x39 .pio\build\nucleo_g474re\FrameworkHALDriver\Src\stm32g4xx_hal_uart.o
 .ARM.attributes
                0x00000290       0x39 .pio\build\nucleo_g474re\FrameworkHALDriver\Src\stm32g4xx_hal_uart_ex.o
 .ARM.attributes
                0x000002c9       0x39 .pio\build\nucleo_g474re\src\gpio.o
 .ARM.attributes
                0x00000302       0x39 .pio\build\nucleo_g474re\src\main.o
 .ARM.attributes
                0x0000033b       0x39 .pio\build\nucleo_g474re\src\stm32g4xx_hal_msp.o
 .ARM.attributes
                0x00000374       0x39 .pio\build\nucleo_g474re\src\stm32g4xx_it.o
 .ARM.attributes
                0x000003ad       0x39 .pio\build\nucleo_g474re\src\syscalls.o
 .ARM.attributes
                0x000003e6       0x39 .pio\build\nucleo_g474re\src\system_stm32g4xx.o
 .ARM.attributes
                0x0000041f       0x39 .pio\build\nucleo_g474re\src\tim.o
 .ARM.attributes
                0x00000458       0x39 .pio\build\nucleo_g474re\src\usart.o
 .ARM.attributes
                0x00000491       0x34 c:/users/taisu/.platformio/packages/toolchain-gccarmnoneeabi/bin/../lib/gcc/arm-none-eabi/7.2.1/../../../../arm-none-eabi/lib/thumb/v7e-m/fpv4-sp/hard\libc_nano.a(lib_a-impure.o)
 .ARM.attributes
                0x000004c5       0x34 c:/users/taisu/.platformio/packages/toolchain-gccarmnoneeabi/bin/../lib/gcc/arm-none-eabi/7.2.1/../../../../arm-none-eabi/lib/thumb/v7e-m/fpv4-sp/hard\libc_nano.a(lib_a-init.o)
 .ARM.attributes
                0x000004f9       0x34 c:/users/taisu/.platformio/packages/toolchain-gccarmnoneeabi/bin/../lib/gcc/arm-none-eabi/7.2.1/../../../../arm-none-eabi/lib/thumb/v7e-m/fpv4-sp/hard\libc_nano.a(lib_a-memset.o)
 .ARM.attributes
                0x0000052d       0x34 c:/users/taisu/.platformio/packages/toolchain-gccarmnoneeabi/bin/../lib/gcc/arm-none-eabi/7.2.1/../../../../arm-none-eabi/lib/thumb/v7e-m/fpv4-sp/hard\libc_nano.a(lib_a-nano-vfprintf_float.o)
 .ARM.attributes
                0x00000561       0x34 c:/users/taisu/.platformio/packages/toolchain-gccarmnoneeabi/bin/../lib/gcc/arm-none-eabi/7.2.1/../../../../arm-none-eabi/lib/thumb/v7e-m/fpv4-sp/hard\libc_nano.a(lib_a-nano-vfprintf_i.o)
 .ARM.attributes
                0x00000595       0x34 c:/users/taisu/.platformio/packages/toolchain-gccarmnoneeabi/bin/../lib/gcc/arm-none-eabi/7.2.1/../../../../arm-none-eabi/lib/thumb/v7e-m/fpv4-sp/hard\libc_nano.a(lib_a-nano-vfscanf_float.o)
 .ARM.attributes
                0x000005c9       0x34 c:/users/taisu/.platformio/packages/toolchain-gccarmnoneeabi/bin/../lib/gcc/arm-none-eabi/7.2.1/../../../../arm-none-eabi/lib/thumb/v7e-m/fpv4-sp/hard\libc_nano.a(lib_a-printf.o)
 .ARM.attributes
                0x000005fd       0x34 c:/users/taisu/.platformio/packages/toolchain-gccarmnoneeabi/bin/../lib/gcc/arm-none-eabi/7.2.1/../../../../arm-none-eabi/lib/thumb/v7e-m/fpv4-sp/hard\libc_nano.a(lib_a-reent.o)
 .ARM.attributes
                0x00000631       0x34 c:/users/taisu/.platformio/packages/toolchain-gccarmnoneeabi/bin/../lib/gcc/arm-none-eabi/7.2.1/../../../../arm-none-eabi/lib/thumb/v7e-m/fpv4-sp/hard\libc_nano.a(lib_a-setbuf.o)
 .ARM.attributes
                0x00000665       0x34 c:/users/taisu/.platformio/packages/toolchain-gccarmnoneeabi/bin/../lib/gcc/arm-none-eabi/7.2.1/../../../../arm-none-eabi/lib/thumb/v7e-m/fpv4-sp/hard\libc_nano.a(lib_a-setvbuf.o)
 .ARM.attributes
                0x00000699       0x34 c:/users/taisu/.platformio/packages/toolchain-gccarmnoneeabi/bin/../lib/gcc/arm-none-eabi/7.2.1/../../../../arm-none-eabi/lib/thumb/v7e-m/fpv4-sp/hard\libc_nano.a(lib_a-sf_nan.o)
 .ARM.attributes
                0x000006cd       0x34 c:/users/taisu/.platformio/packages/toolchain-gccarmnoneeabi/bin/../lib/gcc/arm-none-eabi/7.2.1/../../../../arm-none-eabi/lib/thumb/v7e-m/fpv4-sp/hard\libc_nano.a(lib_a-sprintf.o)
 .ARM.attributes
                0x00000701       0x1b c:/users/taisu/.platformio/packages/toolchain-gccarmnoneeabi/bin/../lib/gcc/arm-none-eabi/7.2.1/../../../../arm-none-eabi/lib/thumb/v7e-m/fpv4-sp/hard\libc_nano.a(lib_a-strlen.o)
 .ARM.attributes
                0x0000071c       0x34 c:/users/taisu/.platformio/packages/toolchain-gccarmnoneeabi/bin/../lib/gcc/arm-none-eabi/7.2.1/../../../../arm-none-eabi/lib/thumb/v7e-m/fpv4-sp/hard\libc_nano.a(lib_a-strtod.o)
 .ARM.attributes
                0x00000750       0x34 c:/users/taisu/.platformio/packages/toolchain-gccarmnoneeabi/bin/../lib/gcc/arm-none-eabi/7.2.1/../../../../arm-none-eabi/lib/thumb/v7e-m/fpv4-sp/hard\libc_nano.a(lib_a-strtol.o)
 .ARM.attributes
                0x00000784       0x34 c:/users/taisu/.platformio/packages/toolchain-gccarmnoneeabi/bin/../lib/gcc/arm-none-eabi/7.2.1/../../../../arm-none-eabi/lib/thumb/v7e-m/fpv4-sp/hard\libc_nano.a(lib_a-dtoa.o)
 .ARM.attributes
                0x000007b8       0x34 c:/users/taisu/.platformio/packages/toolchain-gccarmnoneeabi/bin/../lib/gcc/arm-none-eabi/7.2.1/../../../../arm-none-eabi/lib/thumb/v7e-m/fpv4-sp/hard\libc_nano.a(lib_a-fflush.o)
 .ARM.attributes
                0x000007ec       0x34 c:/users/taisu/.platformio/packages/toolchain-gccarmnoneeabi/bin/../lib/gcc/arm-none-eabi/7.2.1/../../../../arm-none-eabi/lib/thumb/v7e-m/fpv4-sp/hard\libc_nano.a(lib_a-findfp.o)
 .ARM.attributes
                0x00000820       0x34 c:/users/taisu/.platformio/packages/toolchain-gccarmnoneeabi/bin/../lib/gcc/arm-none-eabi/7.2.1/../../../../arm-none-eabi/lib/thumb/v7e-m/fpv4-sp/hard\libc_nano.a(lib_a-fwalk.o)
 .ARM.attributes
                0x00000854       0x34 c:/users/taisu/.platformio/packages/toolchain-gccarmnoneeabi/bin/../lib/gcc/arm-none-eabi/7.2.1/../../../../arm-none-eabi/lib/thumb/v7e-m/fpv4-sp/hard\libc_nano.a(lib_a-gdtoa-gethex.o)
 .ARM.attributes
                0x00000888       0x34 c:/users/taisu/.platformio/packages/toolchain-gccarmnoneeabi/bin/../lib/gcc/arm-none-eabi/7.2.1/../../../../arm-none-eabi/lib/thumb/v7e-m/fpv4-sp/hard\libc_nano.a(lib_a-gdtoa-hexnan.o)
 .ARM.attributes
                0x000008bc       0x34 c:/users/taisu/.platformio/packages/toolchain-gccarmnoneeabi/bin/../lib/gcc/arm-none-eabi/7.2.1/../../../../arm-none-eabi/lib/thumb/v7e-m/fpv4-sp/hard\libc_nano.a(lib_a-locale.o)
 .ARM.attributes
                0x000008f0       0x34 c:/users/taisu/.platformio/packages/toolchain-gccarmnoneeabi/bin/../lib/gcc/arm-none-eabi/7.2.1/../../../../arm-none-eabi/lib/thumb/v7e-m/fpv4-sp/hard\libc_nano.a(lib_a-localeconv.o)
 .ARM.attributes
                0x00000924       0x34 c:/users/taisu/.platformio/packages/toolchain-gccarmnoneeabi/bin/../lib/gcc/arm-none-eabi/7.2.1/../../../../arm-none-eabi/lib/thumb/v7e-m/fpv4-sp/hard\libc_nano.a(lib_a-makebuf.o)
 .ARM.attributes
                0x00000958       0x34 c:/users/taisu/.platformio/packages/toolchain-gccarmnoneeabi/bin/../lib/gcc/arm-none-eabi/7.2.1/../../../../arm-none-eabi/lib/thumb/v7e-m/fpv4-sp/hard\libc_nano.a(lib_a-malloc.o)
 .ARM.attributes
                0x0000098c       0x34 c:/users/taisu/.platformio/packages/toolchain-gccarmnoneeabi/bin/../lib/gcc/arm-none-eabi/7.2.1/../../../../arm-none-eabi/lib/thumb/v7e-m/fpv4-sp/hard\libc_nano.a(lib_a-mbtowc_r.o)
 .ARM.attributes
                0x000009c0       0x20 c:/users/taisu/.platformio/packages/toolchain-gccarmnoneeabi/bin/../lib/gcc/arm-none-eabi/7.2.1/../../../../arm-none-eabi/lib/thumb/v7e-m/fpv4-sp/hard\libc_nano.a(lib_a-memchr.o)
 .ARM.attributes
                0x000009e0       0x34 c:/users/taisu/.platformio/packages/toolchain-gccarmnoneeabi/bin/../lib/gcc/arm-none-eabi/7.2.1/../../../../arm-none-eabi/lib/thumb/v7e-m/fpv4-sp/hard\libc_nano.a(lib_a-memcpy-stub.o)
 .ARM.attributes
                0x00000a14       0x34 c:/users/taisu/.platformio/packages/toolchain-gccarmnoneeabi/bin/../lib/gcc/arm-none-eabi/7.2.1/../../../../arm-none-eabi/lib/thumb/v7e-m/fpv4-sp/hard\libc_nano.a(lib_a-mprec.o)
 .ARM.attributes
                0x00000a48       0x34 c:/users/taisu/.platformio/packages/toolchain-gccarmnoneeabi/bin/../lib/gcc/arm-none-eabi/7.2.1/../../../../arm-none-eabi/lib/thumb/v7e-m/fpv4-sp/hard\libc_nano.a(lib_a-nano-callocr.o)
 .ARM.attributes
                0x00000a7c       0x34 c:/users/taisu/.platformio/packages/toolchain-gccarmnoneeabi/bin/../lib/gcc/arm-none-eabi/7.2.1/../../../../arm-none-eabi/lib/thumb/v7e-m/fpv4-sp/hard\libc_nano.a(lib_a-nano-freer.o)
 .ARM.attributes
                0x00000ab0       0x34 c:/users/taisu/.platformio/packages/toolchain-gccarmnoneeabi/bin/../lib/gcc/arm-none-eabi/7.2.1/../../../../arm-none-eabi/lib/thumb/v7e-m/fpv4-sp/hard\libc_nano.a(lib_a-nano-mallocr.o)
 .ARM.attributes
                0x00000ae4       0x34 c:/users/taisu/.platformio/packages/toolchain-gccarmnoneeabi/bin/../lib/gcc/arm-none-eabi/7.2.1/../../../../arm-none-eabi/lib/thumb/v7e-m/fpv4-sp/hard\libc_nano.a(lib_a-nano-svfprintf.o)
 .ARM.attributes
                0x00000b18       0x34 c:/users/taisu/.platformio/packages/toolchain-gccarmnoneeabi/bin/../lib/gcc/arm-none-eabi/7.2.1/../../../../arm-none-eabi/lib/thumb/v7e-m/fpv4-sp/hard\libc_nano.a(lib_a-nano-vfprintf.o)
 .ARM.attributes
                0x00000b4c       0x34 c:/users/taisu/.platformio/packages/toolchain-gccarmnoneeabi/bin/../lib/gcc/arm-none-eabi/7.2.1/../../../../arm-none-eabi/lib/thumb/v7e-m/fpv4-sp/hard\libc_nano.a(lib_a-sbrkr.o)
 .ARM.attributes
                0x00000b80       0x34 c:/users/taisu/.platformio/packages/toolchain-gccarmnoneeabi/bin/../lib/gcc/arm-none-eabi/7.2.1/../../../../arm-none-eabi/lib/thumb/v7e-m/fpv4-sp/hard\libc_nano.a(lib_a-stdio.o)
 .ARM.attributes